Feb  3 09:54:52 uhzellbeck anacron[1006]: Job `cron.daily' terminated
Feb  3 09:54:52 uhzellbeck anacron[1006]: Normal exit (1 job run)
Feb  3 09:55:01 uhzellbeck CRON[4192]: (root) CMD (command -v debian-sa1 > /dev/null && debian-sa1 1 1)
Feb  3 10:00:40 uhzellbeck kernel: [  656.436484] usb 1-1: new full-speed USB device number 7 using xhci_hcd
Feb  3 10:00:40 uhzellbeck kernel: [  656.571364] usb 1-1: New USB device found, idVendor=046d, idProduct=0a17
Feb  3 10:00:40 uhzellbeck kernel: [  656.571372] usb 1-1: New USB device strings: Mfr=1, Product=2, SerialNumber=0
Feb  3 10:00:40 uhzellbeck kernel: [  656.571377] usb 1-1: Product: Logitech G330 Headset
Feb  3 10:00:40 uhzellbeck kernel: [  656.571380] usb 1-1: Manufacturer: Logitech
Feb  3 10:00:40 uhzellbeck mtp-probe: checking bus 1, device 7: "/sys/devices/pci0000:00/0000:00:14.0/usb1/1-1"
Feb  3 10:00:40 uhzellbeck mtp-probe: bus: 1, device: 7 was not an MTP device
Feb  3 10:00:40 uhzellbeck kernel: [  656.615275] usbcore: registered new interface driver snd-usb-audio
Feb  3 10:00:40 uhzellbeck systemd-udevd[4686]: Process '/usr/sbin/alsactl -E HOME=/run/alsa restore 1' failed with exit code 99.
Feb  3 10:00:40 uhzellbeck rtkit-daemon[1449]: Supervising 3 threads of 1 processes of 1 users.
Feb  3 10:00:40 uhzellbeck rtkit-daemon[1449]: Successfully made thread 4699 of process 2346 (n/a) owned by '1000' RT at priority 5.
Feb  3 10:00:40 uhzellbeck rtkit-daemon[1449]: Supervising 4 threads of 1 processes of 1 users.
Feb  3 10:00:40 uhzellbeck rtkit-daemon[1449]: Supervising 4 threads of 1 processes of 1 users.
Feb  3 10:00:40 uhzellbeck rtkit-daemon[1449]: Successfully made thread 4700 of process 2346 (n/a) owned by '1000' RT at priority 5.
Feb  3 10:00:40 uhzellbeck rtkit-daemon[1449]: Supervising 5 threads of 1 processes of 1 users.
Feb  3 10:00:45 uhzellbeck kernel: [  661.173558] usb 1-3: USB disconnect, device number 6
Feb  3 10:00:45 uhzellbeck acpid: input device has been disconnected, fd 21
Feb  3 10:00:45 uhzellbeck acpid: input device has been disconnected, fd 22
Feb  3 10:00:46 uhzellbeck kernel: [  662.294031] usb 1-4: USB disconnect, device number 5
Feb  3 10:00:49 uhzellbeck kernel: [  665.826248] nouveau 0000:01:00.0: DRM: resuming kernel object tree...
Feb  3 10:00:49 uhzellbeck kernel: [  665.969796] nouveau 0000:01:00.0: priv: HUB0: 614900 00800000 (1d408200)
Feb  3 10:00:49 uhzellbeck kernel: [  666.068151] nouveau 0000:01:00.0: DRM: resuming client object trees...
Feb  3 10:00:49 uhzellbeck kernel: [  666.068177] nouveau 0000:01:00.0: DRM: resuming display...
Feb  3 10:00:49 uhzellbeck kernel: [  666.068195] nouveau 0000:01:00.0: DRM: resuming console...
Feb  3 10:00:55 uhzellbeck kernel: [  671.358671] ACPI Warning: \_SB_.PCI0.PEG0.PEGP._DSM: Argument #4 type mismatch - Found [Buffer], ACPI requires [Package] (20150930/nsarguments-95)
Feb  3 10:00:55 uhzellbeck kernel: [  671.359885] ACPI: \_SB_.PCI0.PEG0.PEGP: failed to evaluate _DSM
Feb  3 10:00:55 uhzellbeck kernel: [  671.359897] ACPI Warning: \_SB_.PCI0.PEG0.PEGP._DSM: Argument #4 type mismatch - Found [Buffer], ACPI requires [Package] (20150930/nsarguments-95)
Feb  3 10:00:55 uhzellbeck kernel: [  671.360361] nouveau 0000:01:00.0: DRM: suspending console...
Feb  3 10:00:55 uhzellbeck kernel: [  671.360370] nouveau 0000:01:00.0: DRM: suspending display...
Feb  3 10:00:55 uhzellbeck kernel: [  671.360388] nouveau 0000:01:00.0: DRM: evicting buffers...
Feb  3 10:00:55 uhzellbeck kernel: [  671.360392] nouveau 0000:01:00.0: DRM: waiting for kernel channels to go idle...
Feb  3 10:00:55 uhzellbeck kernel: [  671.360419] nouveau 0000:01:00.0: DRM: suspending client object trees...
Feb  3 10:00:55 uhzellbeck kernel: [  671.361986] nouveau 0000:01:00.0: DRM: suspending kernel object tree...
Feb  3 10:01:16 uhzellbeck kernel: [  692.373683] nouveau 0000:01:00.0: DRM: resuming kernel object tree...
Feb  3 10:01:16 uhzellbeck kernel: [  692.517250] nouveau 0000:01:00.0: priv: HUB0: 614900 00800000 (1d408200)
Feb  3 10:01:16 uhzellbeck kernel: [  692.615840] nouveau 0000:01:00.0: DRM: resuming client object trees...
Feb  3 10:01:16 uhzellbeck kernel: [  692.615864] nouveau 0000:01:00.0: DRM: resuming display...
Feb  3 10:01:16 uhzellbeck kernel: [  692.615883] nouveau 0000:01:00.0: DRM: resuming console...
Feb  3 10:01:22 uhzellbeck kernel: [  698.401845] ACPI Warning: \_SB_.PCI0.PEG0.PEGP._DSM: Argument #4 type mismatch - Found [Buffer], ACPI requires [Package] (20150930/nsarguments-95)
Feb  3 10:01:22 uhzellbeck kernel: [  698.403055] ACPI: \_SB_.PCI0.PEG0.PEGP: failed to evaluate _DSM
Feb  3 10:01:22 uhzellbeck kernel: [  698.403067] ACPI Warning: \_SB_.PCI0.PEG0.PEGP._DSM: Argument #4 type mismatch - Found [Buffer], ACPI requires [Package] (20150930/nsarguments-95)
Feb  3 10:01:22 uhzellbeck kernel: [  698.403537] nouveau 0000:01:00.0: DRM: suspending console...
Feb  3 10:01:22 uhzellbeck kernel: [  698.403546] nouveau 0000:01:00.0: DRM: suspending display...
Feb  3 10:01:22 uhzellbeck kernel: [  698.403565] nouveau 0000:01:00.0: DRM: evicting buffers...
Feb  3 10:01:22 uhzellbeck kernel: [  698.403569] nouveau 0000:01:00.0: DRM: waiting for kernel channels to go idle...
Feb  3 10:01:22 uhzellbeck kernel: [  698.403595] nouveau 0000:01:00.0: DRM: suspending client object trees...
Feb  3 10:01:22 uhzellbeck kernel: [  698.405181] nouveau 0000:01:00.0: DRM: suspending kernel object tree...
Feb  3 10:02:44 uhzellbeck AptDaemon: INFO: Quitting due to inactivity
Feb  3 10:02:44 uhzellbeck AptDaemon: INFO: Quitting was requested
Feb  3 10:02:44 uhzellbeck org.debian.apt[965]: 10:02:44 AptDaemon [INFO]: Quitting due to inactivity
Feb  3 10:02:44 uhzellbeck org.debian.apt[965]: 10:02:44 AptDaemon [INFO]: Quitting was requested
Feb  3 10:02:57 uhzellbeck systemd[1]: Started CUPS Scheduler.
Feb  3 10:02:57 uhzellbeck colord[1201]: (colord:1201): Cd-WARNING **: failed to get session [pid 4928]: Kein passendes Gerät bzw. keine passende Adresse gefunden
Feb  3 10:04:41 uhzellbeck kernel: [  898.033263] usb 1-1: USB disconnect, device number 7
Feb  3 10:05:01 uhzellbeck CRON[5133]: (root) CMD (command -v debian-sa1 > /dev/null && debian-sa1 1 1)
Feb  3 10:05:01 uhzellbeck systemd[1]: Starting Cleanup of Temporary Directories...
Feb  3 10:05:01 uhzellbeck systemd-tmpfiles[5134]: [/usr/lib/tmpfiles.d/var.conf:14] Duplicate line for path "/var/log", ignoring.
Feb  3 10:05:01 uhzellbeck systemd[1]: Started Cleanup of Temporary Directories.
Feb  3 10:11:42 uhzellbeck kernel: [ 1318.675254] iwlwifi 0000:02:00.0: Microcode SW error detected.  Restarting 0x82000000.
Feb  3 10:11:42 uhzellbeck kernel: [ 1318.675258] iwlwifi 0000:02:00.0: CSR values:
Feb  3 10:11:42 uhzellbeck kernel: [ 1318.675260] iwlwifi 0000:02:00.0: (2nd byte of CSR_INT_COALESCING is CSR_INT_PERIODIC_REG)
Feb  3 10:11:42 uhzellbeck kernel: [ 1318.675264] iwlwifi 0000:02:00.0:        CSR_HW_IF_CONFIG_REG: 0X00489008
Feb  3 10:11:42 uhzellbeck kernel: [ 1318.675275] iwlwifi 0000:02:00.0:          CSR_INT_COALESCING: 0X00000040
Feb  3 10:11:42 uhzellbeck kernel: [ 1318.675286] iwlwifi 0000:02:00.0:                     CSR_INT: 0X00000000
Feb  3 10:11:42 uhzellbeck kernel: [ 1318.675296] iwlwifi 0000:02:00.0:                CSR_INT_MASK: 0X00000000
Feb  3 10:11:42 uhzellbeck kernel: [ 1318.675307] iwlwifi 0000:02:00.0:           CSR_FH_INT_STATUS: 0X00000000
Feb  3 10:11:42 uhzellbeck kernel: [ 1318.675317] iwlwifi 0000:02:00.0:                 CSR_GPIO_IN: 0X00000019
Feb  3 10:11:42 uhzellbeck kernel: [ 1318.675328] iwlwifi 0000:02:00.0:                   CSR_RESET: 0X00000000
Feb  3 10:11:42 uhzellbeck kernel: [ 1318.675339] iwlwifi 0000:02:00.0:                CSR_GP_CNTRL: 0X08040005
Feb  3 10:11:42 uhzellbeck kernel: [ 1318.675349] iwlwifi 0000:02:00.0:                  CSR_HW_REV: 0X00000201
Feb  3 10:11:42 uhzellbeck kernel: [ 1318.675360] iwlwifi 0000:02:00.0:              CSR_EEPROM_REG: 0Xd55555d5
Feb  3 10:11:42 uhzellbeck kernel: [ 1318.675370] iwlwifi 0000:02:00.0:               CSR_EEPROM_GP: 0Xd55555d5
Feb  3 10:11:42 uhzellbeck kernel: [ 1318.675381] iwlwifi 0000:02:00.0:              CSR_OTP_GP_REG: 0Xd55555d5
Feb  3 10:11:42 uhzellbeck kernel: [ 1318.675391] iwlwifi 0000:02:00.0:                 CSR_GIO_REG: 0X001f0042
Feb  3 10:11:42 uhzellbeck kernel: [ 1318.675402] iwlwifi 0000:02:00.0:            CSR_GP_UCODE_REG: 0X00000000
Feb  3 10:11:42 uhzellbeck kernel: [ 1318.675412] iwlwifi 0000:02:00.0:           CSR_GP_DRIVER_REG: 0X00000000
Feb  3 10:11:42 uhzellbeck kernel: [ 1318.675423] iwlwifi 0000:02:00.0:           CSR_UCODE_DRV_GP1: 0X00000000
Feb  3 10:11:42 uhzellbeck kernel: [ 1318.675433] iwlwifi 0000:02:00.0:           CSR_UCODE_DRV_GP2: 0X00000000
Feb  3 10:11:42 uhzellbeck kernel: [ 1318.675444] iwlwifi 0000:02:00.0:                 CSR_LED_REG: 0X00000060
Feb  3 10:11:42 uhzellbeck kernel: [ 1318.675454] iwlwifi 0000:02:00.0:        CSR_DRAM_INT_TBL_REG: 0X88475486
Feb  3 10:11:42 uhzellbeck kernel: [ 1318.675465] iwlwifi 0000:02:00.0:        CSR_GIO_CHICKEN_BITS: 0X07800200
Feb  3 10:11:42 uhzellbeck kernel: [ 1318.675475] iwlwifi 0000:02:00.0:             CSR_ANA_PLL_CFG: 0Xd55555d5
Feb  3 10:11:42 uhzellbeck kernel: [ 1318.675486] iwlwifi 0000:02:00.0:      CSR_MONITOR_STATUS_REG: 0Xc03813c0
Feb  3 10:11:42 uhzellbeck kernel: [ 1318.675496] iwlwifi 0000:02:00.0:           CSR_HW_REV_WA_REG: 0X0001001a
Feb  3 10:11:42 uhzellbeck kernel: [ 1318.675507] iwlwifi 0000:02:00.0:        CSR_DBG_HPET_MEM_REG: 0Xffff0010
Feb  3 10:11:42 uhzellbeck kernel: [ 1318.675508] iwlwifi 0000:02:00.0: FH register values:
Feb  3 10:11:42 uhzellbeck kernel: [ 1318.675531] iwlwifi 0000:02:00.0:         FH_RSCSR_CHNL0_STTS_WPTR_REG: 0X47506600
Feb  3 10:11:42 uhzellbeck kernel: [ 1318.675544] iwlwifi 0000:02:00.0:        FH_RSCSR_CHNL0_RBDCB_BASE_REG: 0X04750670
Feb  3 10:11:42 uhzellbeck kernel: [ 1318.675557] iwlwifi 0000:02:00.0:                  FH_RSCSR_CHNL0_WPTR: 0X00000080
Feb  3 10:11:42 uhzellbeck kernel: [ 1318.675569] iwlwifi 0000:02:00.0:         FH_MEM_RCSR_CHNL0_CONFIG_REG: 0X00801054
Feb  3 10:11:42 uhzellbeck kernel: [ 1318.675582] iwlwifi 0000:02:00.0:          FH_MEM_RSSR_SHARED_CTRL_REG: 0X000000fc
Feb  3 10:11:42 uhzellbeck kernel: [ 1318.675624] iwlwifi 0000:02:00.0:            FH_MEM_RSSR_RX_STATUS_REG: 0X03030000
Feb  3 10:11:42 uhzellbeck kernel: [ 1318.675655] iwlwifi 0000:02:00.0:    FH_MEM_RSSR_RX_ENABLE_ERR_IRQ2DRV: 0X00000000
Feb  3 10:11:42 uhzellbeck kernel: [ 1318.675676] iwlwifi 0000:02:00.0:                FH_TSSR_TX_STATUS_REG: 0X077d0001
Feb  3 10:11:42 uhzellbeck kernel: [ 1318.675697] iwlwifi 0000:02:00.0:                 FH_TSSR_TX_ERROR_REG: 0X00000000
Feb  3 10:11:42 uhzellbeck kernel: [ 1318.675819] iwlwifi 0000:02:00.0: Start IWL Error Log Dump:
Feb  3 10:11:42 uhzellbeck kernel: [ 1318.675822] iwlwifi 0000:02:00.0: Status: 0x00000000, count: 6
Feb  3 10:11:42 uhzellbeck kernel: [ 1318.675825] iwlwifi 0000:02:00.0: Loaded firmware version: 16.242414.0
Feb  3 10:11:42 uhzellbeck kernel: [ 1318.675828] iwlwifi 0000:02:00.0: 0x00000071 | ADVANCED_SYSASSERT          
Feb  3 10:11:42 uhzellbeck kernel: [ 1318.675830] iwlwifi 0000:02:00.0: 0x008002A1 | uPc
Feb  3 10:11:42 uhzellbeck kernel: [ 1318.675832] iwlwifi 0000:02:00.0: 0x00000000 | branchlink1
Feb  3 10:11:42 uhzellbeck kernel: [ 1318.675834] iwlwifi 0000:02:00.0: 0x00000BF0 | branchlink2
Feb  3 10:11:42 uhzellbeck kernel: [ 1318.675836] iwlwifi 0000:02:00.0: 0x00022B90 | interruptlink1
Feb  3 10:11:42 uhzellbeck kernel: [ 1318.675838] iwlwifi 0000:02:00.0: 0x0002A548 | interruptlink2
Feb  3 10:11:42 uhzellbeck kernel: [ 1318.675840] iwlwifi 0000:02:00.0: 0x00000000 | data1
Feb  3 10:11:42 uhzellbeck kernel: [ 1318.675843] iwlwifi 0000:02:00.0: 0x00001000 | data2
Feb  3 10:11:42 uhzellbeck kernel: [ 1318.675845] iwlwifi 0000:02:00.0: 0x07830000 | data3
Feb  3 10:11:42 uhzellbeck kernel: [ 1318.675847] iwlwifi 0000:02:00.0: 0x524086CD | beacon time
Feb  3 10:11:42 uhzellbeck kernel: [ 1318.675849] iwlwifi 0000:02:00.0: 0x4745E902 | tsf low
Feb  3 10:11:42 uhzellbeck kernel: [ 1318.675851] iwlwifi 0000:02:00.0: 0x00000246 | tsf hi
Feb  3 10:11:42 uhzellbeck kernel: [ 1318.675854] iwlwifi 0000:02:00.0: 0x00000000 | time gp1
Feb  3 10:11:42 uhzellbeck kernel: [ 1318.675856] iwlwifi 0000:02:00.0: 0x4E384DFB | time gp2
Feb  3 10:11:42 uhzellbeck kernel: [ 1318.675858] iwlwifi 0000:02:00.0: 0x00000000 | time gp3
Feb  3 10:11:42 uhzellbeck kernel: [ 1318.675860] iwlwifi 0000:02:00.0: 0x00000010 | uCode version major
Feb  3 10:11:42 uhzellbeck kernel: [ 1318.675862] iwlwifi 0000:02:00.0: 0x0003B2EE | uCode version minor
Feb  3 10:11:42 uhzellbeck kernel: [ 1318.675864] iwlwifi 0000:02:00.0: 0x00000201 | hw version
Feb  3 10:11:42 uhzellbeck kernel: [ 1318.675866] iwlwifi 0000:02:00.0: 0x00489008 | board version
Feb  3 10:11:42 uhzellbeck kernel: [ 1318.675868] iwlwifi 0000:02:00.0: 0x101A001C | hcmd
Feb  3 10:11:42 uhzellbeck kernel: [ 1318.675870] iwlwifi 0000:02:00.0: 0xA6FA3082 | isr0
Feb  3 10:11:42 uhzellbeck kernel: [ 1318.675873] iwlwifi 0000:02:00.0: 0x10818000 | isr1
Feb  3 10:11:42 uhzellbeck kernel: [ 1318.675876] iwlwifi 0000:02:00.0: 0x18001802 | isr2
Feb  3 10:11:42 uhzellbeck kernel: [ 1318.675878] iwlwifi 0000:02:00.0: 0x4041FDCD | isr3
Feb  3 10:11:42 uhzellbeck kernel: [ 1318.675880] iwlwifi 0000:02:00.0: 0x00000000 | isr4
Feb  3 10:11:42 uhzellbeck kernel: [ 1318.675882] iwlwifi 0000:02:00.0: 0x10904112 | isr_pref
Feb  3 10:11:42 uhzellbeck kernel: [ 1318.675885] iwlwifi 0000:02:00.0: 0x00000000 | wait_event
Feb  3 10:11:42 uhzellbeck kernel: [ 1318.675887] iwlwifi 0000:02:00.0: 0x000000D4 | l2p_control
Feb  3 10:11:42 uhzellbeck kernel: [ 1318.675890] iwlwifi 0000:02:00.0: 0x0001CC00 | l2p_duration
Feb  3 10:11:42 uhzellbeck kernel: [ 1318.675892] iwlwifi 0000:02:00.0: 0x00000007 | l2p_mhvalid
Feb  3 10:11:42 uhzellbeck kernel: [ 1318.675894] iwlwifi 0000:02:00.0: 0x00000081 | l2p_addr_match
Feb  3 10:11:42 uhzellbeck kernel: [ 1318.675897] iwlwifi 0000:02:00.0: 0x0000000D | lmpm_pmg_sel
Feb  3 10:11:42 uhzellbeck kernel: [ 1318.675899] iwlwifi 0000:02:00.0: 0x17111905 | timestamp
Feb  3 10:11:42 uhzellbeck kernel: [ 1318.675902] iwlwifi 0000:02:00.0: 0x00348098 | flow_handler
Feb  3 10:11:42 uhzellbeck kernel: [ 1318.675974] iwlwifi 0000:02:00.0: Start IWL Error Log Dump:
Feb  3 10:11:42 uhzellbeck kernel: [ 1318.675976] iwlwifi 0000:02:00.0: Status: 0x00000000, count: 7
Feb  3 10:11:42 uhzellbeck kernel: [ 1318.675979] iwlwifi 0000:02:00.0: 0x00000034 | NMI_INTERRUPT_WDG
Feb  3 10:11:42 uhzellbeck kernel: [ 1318.675981] iwlwifi 0000:02:00.0: 0x00000000 | umac branchlink1
Feb  3 10:11:42 uhzellbeck kernel: [ 1318.675984] iwlwifi 0000:02:00.0: 0xC00817F8 | umac branchlink2
Feb  3 10:11:42 uhzellbeck kernel: [ 1318.675986] iwlwifi 0000:02:00.0: 0xC008C424 | umac interruptlink1
Feb  3 10:11:42 uhzellbeck kernel: [ 1318.675989] iwlwifi 0000:02:00.0: 0xC00813B4 | umac interruptlink2
Feb  3 10:11:42 uhzellbeck kernel: [ 1318.675991] iwlwifi 0000:02:00.0: 0x00000400 | umac data1
Feb  3 10:11:42 uhzellbeck kernel: [ 1318.675994] iwlwifi 0000:02:00.0: 0xC00813B4 | umac data2
Feb  3 10:11:42 uhzellbeck kernel: [ 1318.675996] iwlwifi 0000:02:00.0: 0xDEADBEEF | umac data3
Feb  3 10:11:42 uhzellbeck kernel: [ 1318.675998] iwlwifi 0000:02:00.0: 0x00000010 | umac major
Feb  3 10:11:42 uhzellbeck kernel: [ 1318.676001] iwlwifi 0000:02:00.0: 0x0003B2EE | umac minor
Feb  3 10:11:42 uhzellbeck kernel: [ 1318.676003] iwlwifi 0000:02:00.0: 0xC0887F80 | frame pointer
Feb  3 10:11:42 uhzellbeck kernel: [ 1318.676005] iwlwifi 0000:02:00.0: 0xC0887F80 | stack pointer
Feb  3 10:11:42 uhzellbeck kernel: [ 1318.676008] iwlwifi 0000:02:00.0: 0x097D010D | last host cmd
Feb  3 10:11:42 uhzellbeck kernel: [ 1318.676010] iwlwifi 0000:02:00.0: 0x00000000 | isr status reg
Feb  3 10:11:42 uhzellbeck kernel: [ 1318.676019] ieee80211 phy0: Hardware restart was requested
Feb  3 10:11:42 uhzellbeck kernel: [ 1318.676035] iwlwifi 0000:02:00.0: FW error in SYNC CMD SCAN_REQ_UMAC
Feb  3 10:11:42 uhzellbeck kernel: [ 1318.676040] CPU: 0 PID: 1313 Comm: wpa_supplicant Not tainted 4.4.0-59-generic #80-Ubuntu
Feb  3 10:11:42 uhzellbeck kernel: [ 1318.676042] Hardware name: Dell Inc. Precision 7510/0M91XC, BIOS 1.9.4 11/04/2016
Feb  3 10:11:42 uhzellbeck kernel: [ 1318.676043]  0000000000000286 0000000065f170cc ffff880476a07668 ffffffff813f7583
Feb  3 10:11:42 uhzellbeck kernel: [ 1318.676046]  ffff880476a07710 00000000fffffffb ffff880476a076d8 ffffffffc07b13fc
Feb  3 10:11:42 uhzellbeck kernel: [ 1318.676049]  ffff880476a07750 ffff880400000000 ffff880475598f00 ffffffff810c4240
Feb  3 10:11:42 uhzellbeck kernel: [ 1318.676051] Call Trace:
Feb  3 10:11:42 uhzellbeck kernel: [ 1318.676057]  [<ffffffff813f7583>] dump_stack+0x63/0x90
Feb  3 10:11:42 uhzellbeck kernel: [ 1318.676066]  [<ffffffffc07b13fc>] iwl_trans_pcie_send_hcmd+0x44c/0x5a0 [iwlwifi]
Feb  3 10:11:42 uhzellbeck kernel: [ 1318.676070]  [<ffffffff810c4240>] ? wake_atomic_t_function+0x60/0x60
Feb  3 10:11:42 uhzellbeck kernel: [ 1318.676079]  [<ffffffffc09fb97d>] iwl_mvm_send_cmd+0x3d/0xb0 [iwlmvm]
Feb  3 10:11:42 uhzellbeck kernel: [ 1318.676087]  [<ffffffffc0a0557b>] iwl_mvm_reg_scan_start+0x2ab/0x360 [iwlmvm]
Feb  3 10:11:42 uhzellbeck kernel: [ 1318.676120]  [<ffffffffc0916bcf>] ? ieee80211_prep_hw_scan+0x18f/0x210 [mac80211]
Feb  3 10:11:42 uhzellbeck kernel: [ 1318.676126]  [<ffffffffc09f1446>] iwl_mvm_mac_hw_scan+0x56/0x80 [iwlmvm]
Feb  3 10:11:42 uhzellbeck kernel: [ 1318.676140]  [<ffffffffc09174b8>] __ieee80211_start_scan+0x268/0x6d0 [mac80211]
Feb  3 10:11:42 uhzellbeck kernel: [ 1318.676153]  [<ffffffffc09184e0>] ieee80211_request_scan+0x30/0x50 [mac80211]
Feb  3 10:11:42 uhzellbeck kernel: [ 1318.676167]  [<ffffffffc0928285>] ieee80211_scan+0x65/0xa0 [mac80211]
Feb  3 10:11:42 uhzellbeck kernel: [ 1318.676182]  [<ffffffffc06e7b13>] nl80211_trigger_scan+0x463/0x750 [cfg80211]
Feb  3 10:11:42 uhzellbeck kernel: [ 1318.676186]  [<ffffffff81761e84>] genl_family_rcv_msg+0x1e4/0x3e0
Feb  3 10:11:42 uhzellbeck kernel: [ 1318.676190]  [<ffffffff8171864b>] ? __alloc_skb+0x9b/0x1f0
Feb  3 10:11:42 uhzellbeck kernel: [ 1318.676192]  [<ffffffff81762080>] ? genl_family_rcv_msg+0x3e0/0x3e0
Feb  3 10:11:42 uhzellbeck kernel: [ 1318.676195]  [<ffffffff817620f6>] genl_rcv_msg+0x76/0xb0
Feb  3 10:11:42 uhzellbeck kernel: [ 1318.676197]  [<ffffffff817615f4>] netlink_rcv_skb+0xa4/0xc0
Feb  3 10:11:42 uhzellbeck kernel: [ 1318.676199]  [<ffffffff81761c88>] genl_rcv+0x28/0x40
Feb  3 10:11:42 uhzellbeck kernel: [ 1318.676201]  [<ffffffff81760daf>] netlink_unicast+0x12f/0x1b0
Feb  3 10:11:42 uhzellbeck kernel: [ 1318.676204]  [<ffffffff817612d1>] netlink_sendmsg+0x4a1/0x5f0
Feb  3 10:11:42 uhzellbeck kernel: [ 1318.676207]  [<ffffffff8139e531>] ? aa_sock_msg_perm+0x61/0x150
Feb  3 10:11:42 uhzellbeck kernel: [ 1318.676210]  [<ffffffff8170fae8>] sock_sendmsg+0x38/0x50
Feb  3 10:11:42 uhzellbeck kernel: [ 1318.676213]  [<ffffffff81710591>] ___sys_sendmsg+0x281/0x290
Feb  3 10:11:42 uhzellbeck kernel: [ 1318.676216]  [<ffffffff8103ad61>] ? __fpu__restore_sig+0xa1/0x480
Feb  3 10:11:42 uhzellbeck kernel: [ 1318.676219]  [<ffffffff81710ee1>] __sys_sendmsg+0x51/0x90
Feb  3 10:11:42 uhzellbeck kernel: [ 1318.676220]  [<ffffffff81710f32>] SyS_sendmsg+0x12/0x20
Feb  3 10:11:42 uhzellbeck kernel: [ 1318.676224]  [<ffffffff818384f2>] entry_SYSCALL_64_fastpath+0x16/0x71
Feb  3 10:11:42 uhzellbeck kernel: [ 1318.676228] iwlwifi 0000:02:00.0: Scan failed! ret -5
Feb  3 10:11:42 uhzellbeck wpa_supplicant[1313]: wlp2s0: CTRL-EVENT-SCAN-FAILED ret=-5 retry=1
Feb  3 10:11:43 uhzellbeck kernel: [ 1319.309044] iwlwifi 0000:02:00.0: Failing on timeout while stopping DMA channel 8 [0x077d0001]
Feb  3 10:11:43 uhzellbeck kernel: [ 1319.309542] iwlwifi 0000:02:00.0: L1 Enabled - LTR Enabled
Feb  3 10:11:43 uhzellbeck kernel: [ 1319.309992] iwlwifi 0000:02:00.0: L1 Enabled - LTR Enabled
Feb  3 10:11:43 uhzellbeck kernel: [ 1319.444871] iwlwifi 0000:02:00.0: L1 Enabled - LTR Enabled
Feb  3 10:11:43 uhzellbeck kernel: [ 1319.445218] iwlwifi 0000:02:00.0: L1 Enabled - LTR Enabled
Feb  3 10:15:01 uhzellbeck CRON[5269]: (root) CMD (command -v debian-sa1 > /dev/null && debian-sa1 1 1)
Feb  3 10:15:57 uhzellbeck systemd[1]: Started CUPS Scheduler.
Feb  3 10:15:57 uhzellbeck colord[1201]: (colord:1201): Cd-WARNING **: failed to get session [pid 5284]: Kein passendes Gerät bzw. keine passende Adresse gefunden
Feb  3 10:17:01 uhzellbeck CRON[5352]: (root) CMD (   cd / && run-parts --report /etc/cron.hourly)
Feb  3 10:23:27 uhzellbeck wpa_supplicant[1313]: wlp2s0: WPA: Group rekeying completed with 60:38:e0:b8:da:a2 [GTK=CCMP]
Feb  3 10:25:01 uhzellbeck CRON[5578]: (root) CMD (command -v debian-sa1 > /dev/null && debian-sa1 1 1)
Feb  3 10:28:58 uhzellbeck systemd[1]: Started CUPS Scheduler.
Feb  3 10:28:58 uhzellbeck colord[1201]: (colord:1201): Cd-WARNING **: failed to get session [pid 5653]: Kein passendes Gerät bzw. keine passende Adresse gefunden
Feb  3 10:31:49 uhzellbeck kernel: [ 2525.955609] nouveau 0000:01:00.0: DRM: resuming kernel object tree...
Feb  3 10:31:50 uhzellbeck kernel: [ 2526.099200] nouveau 0000:01:00.0: priv: HUB0: 614900 00800000 (1d408200)
Feb  3 10:31:50 uhzellbeck kernel: [ 2526.196973] nouveau 0000:01:00.0: DRM: resuming client object trees...
Feb  3 10:31:50 uhzellbeck kernel: [ 2526.196998] nouveau 0000:01:00.0: DRM: resuming display...
Feb  3 10:31:50 uhzellbeck kernel: [ 2526.197017] nouveau 0000:01:00.0: DRM: resuming console...
Feb  3 10:31:51 uhzellbeck kernel: [ 2527.187028] usb 1-3: new full-speed USB device number 8 using xhci_hcd
Feb  3 10:31:51 uhzellbeck kernel: [ 2527.318501] usb 1-3: New USB device found, idVendor=046d, idProduct=c318
Feb  3 10:31:51 uhzellbeck kernel: [ 2527.318508] usb 1-3: New USB device strings: Mfr=1, Product=2, SerialNumber=0
Feb  3 10:31:51 uhzellbeck kernel: [ 2527.318513] usb 1-3: Product: Logitech Illuminated Keyboard
Feb  3 10:31:51 uhzellbeck kernel: [ 2527.318516] usb 1-3: Manufacturer: Logitech
Feb  3 10:31:51 uhzellbeck kernel: [ 2527.321608] input: Logitech Logitech Illuminated Keyboard as /devices/pci0000:00/0000:00:14.0/usb1/1-3/1-3:1.0/0003:046D:C318.0005/input/input23
Feb  3 10:31:51 uhzellbeck kernel: [ 2527.375997] hid-generic 0003:046D:C318.0005: input,hidraw0: USB HID v1.11 Keyboard [Logitech Logitech Illuminated Keyboard] on usb-0000:00:14.0-3/input0
Feb  3 10:31:51 uhzellbeck kernel: [ 2527.378326] input: Logitech Logitech Illuminated Keyboard as /devices/pci0000:00/0000:00:14.0/usb1/1-3/1-3:1.1/0003:046D:C318.0006/input/input24
Feb  3 10:31:51 uhzellbeck kernel: [ 2527.431607] hid-generic 0003:046D:C318.0006: input,hiddev0,hidraw1: USB HID v1.11 Device [Logitech Logitech Illuminated Keyboard] on usb-0000:00:14.0-3/input1
Feb  3 10:31:51 uhzellbeck mtp-probe: checking bus 1, device 8: "/sys/devices/pci0000:00/0000:00:14.0/usb1/1-3"
Feb  3 10:31:51 uhzellbeck mtp-probe: bus: 1, device: 8 was not an MTP device
Feb  3 10:31:53 uhzellbeck kernel: [ 2529.843146] usb 1-4: new low-speed USB device number 9 using xhci_hcd
Feb  3 10:31:53 uhzellbeck kernel: [ 2529.977603] usb 1-4: New USB device found, idVendor=046d, idProduct=c521
Feb  3 10:31:53 uhzellbeck kernel: [ 2529.977611] usb 1-4: New USB device strings: Mfr=1, Product=2, SerialNumber=0
Feb  3 10:31:53 uhzellbeck kernel: [ 2529.977616] usb 1-4: Product: USB Receiver
Feb  3 10:31:53 uhzellbeck kernel: [ 2529.977620] usb 1-4: Manufacturer: Logitech
Feb  3 10:31:53 uhzellbeck kernel: [ 2529.977983] usb 1-4: ep 0x81 - rounding interval to 64 microframes, ep desc says 80 microframes
Feb  3 10:31:53 uhzellbeck kernel: [ 2529.977997] usb 1-4: ep 0x82 - rounding interval to 64 microframes, ep desc says 80 microframes
Feb  3 10:31:53 uhzellbeck kernel: [ 2529.984671] input: Logitech USB Receiver as /devices/pci0000:00/0000:00:14.0/usb1/1-4/1-4:1.0/0003:046D:C521.0007/input/input25
Feb  3 10:31:53 uhzellbeck kernel: [ 2529.985109] hid-generic 0003:046D:C521.0007: input,hidraw2: USB HID v1.11 Mouse [Logitech USB Receiver] on usb-0000:00:14.0-4/input0
Feb  3 10:31:53 uhzellbeck kernel: [ 2529.991441] input: Logitech USB Receiver as /devices/pci0000:00/0000:00:14.0/usb1/1-4/1-4:1.1/0003:046D:C521.0008/input/input26
Feb  3 10:31:54 uhzellbeck kernel: [ 2530.095702] hid-generic 0003:046D:C521.0008: input,hiddev0,hidraw3: USB HID v1.11 Device [Logitech USB Receiver] on usb-0000:00:14.0-4/input1
Feb  3 10:31:54 uhzellbeck mtp-probe: checking bus 1, device 9: "/sys/devices/pci0000:00/0000:00:14.0/usb1/1-4"
Feb  3 10:31:54 uhzellbeck mtp-probe: bus: 1, device: 9 was not an MTP device
Feb  3 10:31:56 uhzellbeck kernel: [ 2532.295091] ACPI Warning: \_SB_.PCI0.PEG0.PEGP._DSM: Argument #4 type mismatch - Found [Buffer], ACPI requires [Package] (20150930/nsarguments-95)
Feb  3 10:31:56 uhzellbeck kernel: [ 2532.296312] ACPI: \_SB_.PCI0.PEG0.PEGP: failed to evaluate _DSM
Feb  3 10:31:56 uhzellbeck kernel: [ 2532.296324] ACPI Warning: \_SB_.PCI0.PEG0.PEGP._DSM: Argument #4 type mismatch - Found [Buffer], ACPI requires [Package] (20150930/nsarguments-95)
Feb  3 10:31:56 uhzellbeck kernel: [ 2532.296788] nouveau 0000:01:00.0: DRM: suspending console...
Feb  3 10:31:56 uhzellbeck kernel: [ 2532.296797] nouveau 0000:01:00.0: DRM: suspending display...
Feb  3 10:31:56 uhzellbeck kernel: [ 2532.296815] nouveau 0000:01:00.0: DRM: evicting buffers...
Feb  3 10:31:56 uhzellbeck kernel: [ 2532.296819] nouveau 0000:01:00.0: DRM: waiting for kernel channels to go idle...
Feb  3 10:31:56 uhzellbeck kernel: [ 2532.296847] nouveau 0000:01:00.0: DRM: suspending client object trees...
Feb  3 10:31:56 uhzellbeck kernel: [ 2532.298379] nouveau 0000:01:00.0: DRM: suspending kernel object tree...
Feb  3 10:34:22 uhzellbeck kernel: [ 2678.572376] dell_laptop: Setting old previous keyboard state failed
Feb  3 10:35:01 uhzellbeck CRON[6663]: (root) CMD (command -v debian-sa1 > /dev/null && debian-sa1 1 1)
Feb  3 10:41:59 uhzellbeck systemd[1]: Started CUPS Scheduler.
Feb  3 10:41:59 uhzellbeck colord[1201]: (colord:1201): Cd-WARNING **: failed to get session [pid 6724]: Kein passendes Gerät bzw. keine passende Adresse gefunden
Feb  3 10:42:03 uhzellbeck kernel: [ 3139.874953] ------------[ cut here ]------------
Feb  3 10:42:03 uhzellbeck kernel: [ 3139.875017] WARNING: CPU: 1 PID: 1251 at /build/linux-EO9xOi/linux-4.4.0/ubuntu/i915/intel_pm.c:3675 skl_update_other_pipe_wm+0x16c/0x180 [i915_bpo]()
Feb  3 10:42:03 uhzellbeck kernel: [ 3139.875021] WARN_ON(!wm_changed)
Feb  3 10:42:03 uhzellbeck kernel: [ 3139.875024] Modules linked in: snd_usb_audio snd_usbmidi_lib drbg ansi_cprng ctr ccm hid_generic usbhid vmw_vsock_vmci_transport vsock vmw_vmci bnep snd_hda_codec_hdmi dell_led snd_hda_codec_realtek snd_hda_codec_generic dell_wmi sparse_keymap nls_iso8859_1 arc4 dell_laptop dcdbas dell_smm_hwmon snd_hda_intel snd_hda_codec intel_rapl snd_hda_core x86_pkg_temp_thermal intel_powerclamp snd_hwdep coretemp snd_pcm snd_seq_midi snd_seq_midi_event snd_rawmidi snd_seq snd_seq_device kvm_intel snd_timer kvm irqbypass iwlmvm crct10dif_pclmul snd crc32_pclmul mac80211 ghash_clmulni_intel aesni_intel aes_x86_64 lrw gf128mul glue_helper ablk_helper cryptd iwlwifi uvcvideo joydev input_leds cfg80211 videobuf2_vmalloc videobuf2_memops serio_raw videobuf2_v4l2 videobuf2_core v4l2_common soundcore videodev rtsx_pci_ms memstick media btusb btrtl mei_me mei processor_thermal_device shpchp intel_soc_dts_iosf hci_uart btbcm btqca btintel bluetooth int3403_thermal 8250_fintek dell_smo8800 intel_lpss_acpi dell_rbtn intel_lpss int3402_thermal int340x_thermal_zone tpm_crb int3400_thermal acpi_pad acpi_thermal_rel acpi_als kfifo_buf mac_hid industrialio parport_pc ppdev lp parport autofs4 mmc_block rtsx_pci_sdmmc nouveau i915_bpo mxm_wmi intel_ips ttm i2c_algo_bit drm_kms_helper e1000e psmouse syscopyarea sysfillrect sysimgblt ptp fb_sys_fops pps_core nvme ahci drm rtsx_pci libahci i2c_hid pinctrl_sunrisepoint wmi hid pinctrl_intel video fjes
Feb  3 10:42:03 uhzellbeck kernel: [ 3139.875175] CPU: 1 PID: 1251 Comm: Xorg Not tainted 4.4.0-59-generic #80-Ubuntu
Feb  3 10:42:03 uhzellbeck kernel: [ 3139.875179] Hardware name: Dell Inc. Precision 7510/0M91XC, BIOS 1.9.4 11/04/2016
Feb  3 10:42:03 uhzellbeck kernel: [ 3139.875182]  0000000000000286 0000000043d5f704 ffff8804789cf920 ffffffff813f7583
Feb  3 10:42:03 uhzellbeck kernel: [ 3139.875189]  ffff8804789cf968 ffffffffc03209a0 ffff8804789cf958 ffffffff810812d2
Feb  3 10:42:03 uhzellbeck kernel: [ 3139.875195]  ffff88047a8ce000 ffff88047346a148 ffff88047a8b6000 ffff88047ae76b78
Feb  3 10:42:03 uhzellbeck kernel: [ 3139.875200] Call Trace:
Feb  3 10:42:03 uhzellbeck kernel: [ 3139.875210]  [<ffffffff813f7583>] dump_stack+0x63/0x90
Feb  3 10:42:03 uhzellbeck kernel: [ 3139.875218]  [<ffffffff810812d2>] warn_slowpath_common+0x82/0xc0
Feb  3 10:42:03 uhzellbeck kernel: [ 3139.875224]  [<ffffffff8108136c>] warn_slowpath_fmt+0x5c/0x80
Feb  3 10:42:03 uhzellbeck kernel: [ 3139.875262]  [<ffffffffc0241fec>] skl_update_other_pipe_wm+0x16c/0x180 [i915_bpo]
Feb  3 10:42:03 uhzellbeck kernel: [ 3139.875298]  [<ffffffffc0242185>] skl_update_wm+0x185/0x610 [i915_bpo]
Feb  3 10:42:03 uhzellbeck kernel: [ 3139.875355]  [<ffffffffc02d33af>] ? intel_ddi_enable_transcoder_func+0x17f/0x260 [i915_bpo]
Feb  3 10:42:03 uhzellbeck kernel: [ 3139.875391]  [<ffffffffc0245f0e>] intel_update_watermarks+0x1e/0x30 [i915_bpo]
Feb  3 10:42:03 uhzellbeck kernel: [ 3139.875446]  [<ffffffffc02b5681>] haswell_crtc_enable+0x761/0x8e0 [i915_bpo]
Feb  3 10:42:03 uhzellbeck kernel: [ 3139.875500]  [<ffffffffc02b1586>] intel_atomic_commit+0x5d6/0x14a0 [i915_bpo]
Feb  3 10:42:03 uhzellbeck kernel: [ 3139.875542]  [<ffffffffc0097bde>] ? drm_atomic_check_only+0x18e/0x590 [drm]
Feb  3 10:42:03 uhzellbeck kernel: [ 3139.875575]  [<ffffffffc0098017>] drm_atomic_commit+0x37/0x60 [drm]
Feb  3 10:42:03 uhzellbeck kernel: [ 3139.875594]  [<ffffffffc01cfdc6>] drm_atomic_helper_set_config+0x76/0xb0 [drm_kms_helper]
Feb  3 10:42:03 uhzellbeck kernel: [ 3139.875625]  [<ffffffffc0086e42>] drm_mode_set_config_internal+0x62/0x100 [drm]
Feb  3 10:42:03 uhzellbeck kernel: [ 3139.875656]  [<ffffffffc008b49c>] drm_mode_setcrtc+0x3cc/0x4f0 [drm]
Feb  3 10:42:03 uhzellbeck kernel: [ 3139.875678]  [<ffffffffc007c752>] drm_ioctl+0x152/0x540 [drm]
Feb  3 10:42:03 uhzellbeck kernel: [ 3139.875707]  [<ffffffffc008b0d0>] ? drm_mode_setplane+0x1b0/0x1b0 [drm]
Feb  3 10:42:03 uhzellbeck kernel: [ 3139.875714]  [<ffffffff8122272f>] do_vfs_ioctl+0x29f/0x490
Feb  3 10:42:03 uhzellbeck kernel: [ 3139.875721]  [<ffffffff8108e5c1>] ? __set_task_blocked+0x41/0xa0
Feb  3 10:42:03 uhzellbeck kernel: [ 3139.875727]  [<ffffffff81090f56>] ? __set_current_blocked+0x36/0x60
Feb  3 10:42:03 uhzellbeck kernel: [ 3139.875732]  [<ffffffff81222999>] SyS_ioctl+0x79/0x90
Feb  3 10:42:03 uhzellbeck kernel: [ 3139.875740]  [<ffffffff818384f2>] entry_SYSCALL_64_fastpath+0x16/0x71
Feb  3 10:42:03 uhzellbeck kernel: [ 3139.875744] ---[ end trace f705b17c30d5b878 ]---
Feb  3 10:42:03 uhzellbeck kernel: [ 3139.903111] dell_laptop: Setting old previous keyboard state failed
Feb  3 10:45:01 uhzellbeck CRON[6772]: (root) CMD (command -v debian-sa1 > /dev/null && debian-sa1 1 1)
Feb  3 10:50:42 uhzellbeck org.gnome.evolution.dataserver.Sources5[1891]: ** (evolution-source-registry:2334): WARNING **: secret_service_search_sync: must specify at least one attribute to match
Feb  3 10:54:59 uhzellbeck systemd[1]: Started CUPS Scheduler.
Feb  3 10:54:59 uhzellbeck colord[1201]: (colord:1201): Cd-WARNING **: failed to get session [pid 6863]: Kein passendes Gerät bzw. keine passende Adresse gefunden
Feb  3 10:55:01 uhzellbeck CRON[6873]: (root) CMD (command -v debian-sa1 > /dev/null && debian-sa1 1 1)
Feb  3 11:05:01 uhzellbeck CRON[6964]: (root) CMD (command -v debian-sa1 > /dev/null && debian-sa1 1 1)
Feb  3 11:08:00 uhzellbeck systemd[1]: Started CUPS Scheduler.
Feb  3 11:08:00 uhzellbeck colord[1201]: (colord:1201): Cd-WARNING **: failed to get session [pid 6989]: Kein passendes Gerät bzw. keine passende Adresse gefunden
Feb  3 11:15:01 uhzellbeck CRON[7071]: (root) CMD (command -v debian-sa1 > /dev/null && debian-sa1 1 1)
Feb  3 11:17:01 uhzellbeck CRON[7090]: (root) CMD (   cd / && run-parts --report /etc/cron.hourly)
Feb  3 11:21:00 uhzellbeck systemd[1]: Started CUPS Scheduler.
Feb  3 11:21:00 uhzellbeck colord[1201]: (colord:1201): Cd-WARNING **: failed to get session [pid 7131]: Kein passendes Gerät bzw. keine passende Adresse gefunden
Feb  3 11:23:27 uhzellbeck wpa_supplicant[1313]: wlp2s0: WPA: Group rekeying completed with 60:38:e0:b8:da:a2 [GTK=CCMP]
Feb  3 11:25:01 uhzellbeck CRON[7176]: (root) CMD (command -v debian-sa1 > /dev/null && debian-sa1 1 1)
Feb  3 11:34:01 uhzellbeck systemd[1]: Started CUPS Scheduler.
Feb  3 11:34:01 uhzellbeck colord[1201]: (colord:1201): Cd-WARNING **: failed to get session [pid 7262]: Kein passendes Gerät bzw. keine passende Adresse gefunden
Feb  3 11:35:01 uhzellbeck CRON[7283]: (root) CMD (command -v debian-sa1 > /dev/null && debian-sa1 1 1)
Feb  3 11:45:01 uhzellbeck CRON[7356]: (root) CMD (command -v debian-sa1 > /dev/null && debian-sa1 1 1)
Feb  3 11:47:02 uhzellbeck systemd[1]: Started CUPS Scheduler.
Feb  3 11:47:02 uhzellbeck colord[1201]: (colord:1201): Cd-WARNING **: failed to get session [pid 7374]: Kein passendes Gerät bzw. keine passende Adresse gefunden
Feb  3 11:55:01 uhzellbeck CRON[7686]: (root) CMD (command -v debian-sa1 > /dev/null && debian-sa1 1 1)
Feb  3 12:00:02 uhzellbeck systemd[1]: Started CUPS Scheduler.
Feb  3 12:00:02 uhzellbeck colord[1201]: (colord:1201): Cd-WARNING **: failed to get session [pid 7722]: Kein passendes Gerät bzw. keine passende Adresse gefunden
Feb  3 12:01:09 uhzellbeck upowerd[1486]: (upowerd:1486): UPower-Linux-WARNING **: energy 71,994600 bigger than full 71,850300
Feb  3 12:05:01 uhzellbeck CRON[7773]: (root) CMD (command -v debian-sa1 > /dev/null && debian-sa1 1 1)
Feb  3 12:13:03 uhzellbeck systemd[1]: Started CUPS Scheduler.
Feb  3 12:13:03 uhzellbeck colord[1201]: (colord:1201): Cd-WARNING **: failed to get session [pid 7836]: Kein passendes Gerät bzw. keine passende Adresse gefunden
Feb  3 12:15:01 uhzellbeck CRON[7866]: (root) CMD (command -v debian-sa1 > /dev/null && debian-sa1 1 1)
Feb  3 12:17:01 uhzellbeck CRON[7879]: (root) CMD (   cd / && run-parts --report /etc/cron.hourly)
Feb  3 12:20:27 uhzellbeck systemd[1]: snapd.refresh.timer: Adding 43min 52.824856s random time.
Feb  3 12:23:28 uhzellbeck wpa_supplicant[1313]: wlp2s0: WPA: Group rekeying completed with 60:38:e0:b8:da:a2 [GTK=CCMP]
Feb  3 12:25:01 uhzellbeck CRON[7956]: (root) CMD (command -v debian-sa1 > /dev/null && debian-sa1 1 1)
Feb  3 12:26:03 uhzellbeck systemd[1]: Started CUPS Scheduler.
Feb  3 12:26:03 uhzellbeck colord[1201]: (colord:1201): Cd-WARNING **: failed to get session [pid 7964]: Kein passendes Gerät bzw. keine passende Adresse gefunden
Feb  3 12:35:01 uhzellbeck CRON[8077]: (root) CMD (command -v debian-sa1 > /dev/null && debian-sa1 1 1)
Feb  3 12:39:04 uhzellbeck systemd[1]: Started CUPS Scheduler.
Feb  3 12:39:04 uhzellbeck colord[1201]: (colord:1201): Cd-WARNING **: failed to get session [pid 8123]: Kein passendes Gerät bzw. keine passende Adresse gefunden
Feb  3 12:45:01 uhzellbeck CRON[8186]: (root) CMD (command -v debian-sa1 > /dev/null && debian-sa1 1 1)
Feb  3 12:52:04 uhzellbeck systemd[1]: Started CUPS Scheduler.
Feb  3 12:52:04 uhzellbeck colord[1201]: (colord:1201): Cd-WARNING **: failed to get session [pid 8529]: Kein passendes Gerät bzw. keine passende Adresse gefunden
Feb  3 12:55:01 uhzellbeck CRON[8696]: (root) CMD (command -v debian-sa1 > /dev/null && debian-sa1 1 1)
Feb  3 13:02:57 uhzellbeck kernel: [11593.701105] usb 1-4: USB disconnect, device number 9
Feb  3 13:02:58 uhzellbeck kernel: [11594.301318] nouveau 0000:01:00.0: DRM: resuming kernel object tree...
Feb  3 13:02:58 uhzellbeck kernel: [11594.454311] usb 1-3: USB disconnect, device number 8
Feb  3 13:02:58 uhzellbeck kernel: [11594.535057] nouveau 0000:01:00.0: DRM: resuming client object trees...
Feb  3 13:02:58 uhzellbeck kernel: [11594.535083] nouveau 0000:01:00.0: DRM: resuming display...
Feb  3 13:02:58 uhzellbeck kernel: [11594.535102] nouveau 0000:01:00.0: DRM: resuming console...
Feb  3 13:02:58 uhzellbeck acpid: input device has been disconnected, fd 21
Feb  3 13:02:58 uhzellbeck acpid: input device has been disconnected, fd 22
Feb  3 13:03:04 uhzellbeck kernel: [11600.413298] ACPI Warning: \_SB_.PCI0.PEG0.PEGP._DSM: Argument #4 type mismatch - Found [Buffer], ACPI requires [Package] (20150930/nsarguments-95)
Feb  3 13:03:04 uhzellbeck kernel: [11600.414766] ACPI: \_SB_.PCI0.PEG0.PEGP: failed to evaluate _DSM
Feb  3 13:03:04 uhzellbeck kernel: [11600.414790] ACPI Warning: \_SB_.PCI0.PEG0.PEGP._DSM: Argument #4 type mismatch - Found [Buffer], ACPI requires [Package] (20150930/nsarguments-95)
Feb  3 13:03:04 uhzellbeck kernel: [11600.415463] nouveau 0000:01:00.0: DRM: suspending console...
Feb  3 13:03:04 uhzellbeck kernel: [11600.415472] nouveau 0000:01:00.0: DRM: suspending display...
Feb  3 13:03:04 uhzellbeck kernel: [11600.415489] nouveau 0000:01:00.0: DRM: evicting buffers...
Feb  3 13:03:04 uhzellbeck kernel: [11600.415502] nouveau 0000:01:00.0: DRM: waiting for kernel channels to go idle...
Feb  3 13:03:04 uhzellbeck kernel: [11600.415528] nouveau 0000:01:00.0: DRM: suspending client object trees...
Feb  3 13:03:04 uhzellbeck kernel: [11600.420092] nouveau 0000:01:00.0: DRM: suspending kernel object tree...
Feb  3 13:05:01 uhzellbeck CRON[9402]: (root) CMD (command -v debian-sa1 > /dev/null && debian-sa1 1 1)
Feb  3 13:05:05 uhzellbeck systemd[1]: Started CUPS Scheduler.
Feb  3 13:05:05 uhzellbeck colord[1201]: (colord:1201): Cd-WARNING **: failed to get session [pid 9405]: Kein passendes Gerät bzw. keine passende Adresse gefunden
Feb  3 13:07:01 uhzellbeck CRON[9443]: (root) CMD (   test -x /etc/cron.daily/popularity-contest && /etc/cron.daily/popularity-contest --crond)
Feb  3 13:10:49 uhzellbeck systemd[1]: Started CUPS Scheduler.
Feb  3 13:10:49 uhzellbeck colord[1201]: (colord:1201): Cd-WARNING **: failed to get session [pid 9573]: Kein passendes Gerät bzw. keine passende Adresse gefunden
Feb  3 13:15:01 uhzellbeck CRON[9677]: (root) CMD (command -v debian-sa1 > /dev/null && debian-sa1 1 1)
Feb  3 13:17:01 uhzellbeck CRON[9711]: (root) CMD (   cd / && run-parts --report /etc/cron.hourly)
Feb  3 13:18:05 uhzellbeck systemd[1]: Started CUPS Scheduler.
Feb  3 13:18:05 uhzellbeck colord[1201]: (colord:1201): Cd-WARNING **: failed to get session [pid 9726]: Kein passendes Gerät bzw. keine passende Adresse gefunden
Feb  3 13:23:27 uhzellbeck wpa_supplicant[1313]: wlp2s0: WPA: Group rekeying completed with 60:38:e0:b8:da:a2 [GTK=CCMP]
Feb  3 13:25:01 uhzellbeck CRON[9877]: (root) CMD (command -v debian-sa1 > /dev/null && debian-sa1 1 1)
Feb  3 13:31:06 uhzellbeck systemd[1]: Started CUPS Scheduler.
Feb  3 13:31:06 uhzellbeck colord[1201]: (colord:1201): Cd-WARNING **: failed to get session [pid 9964]: Kein passendes Gerät bzw. keine passende Adresse gefunden
Feb  3 13:35:01 uhzellbeck CRON[10041]: (root) CMD (command -v debian-sa1 > /dev/null && debian-sa1 1 1)
Feb  3 13:44:07 uhzellbeck systemd[1]: Started CUPS Scheduler.
Feb  3 13:44:07 uhzellbeck colord[1201]: (colord:1201): Cd-WARNING **: failed to get session [pid 10212]: Kein passendes Gerät bzw. keine passende Adresse gefunden
Feb  3 13:45:01 uhzellbeck CRON[10226]: (root) CMD (command -v debian-sa1 > /dev/null && debian-sa1 1 1)
Feb  3 13:55:01 uhzellbeck CRON[10396]: (root) CMD (command -v debian-sa1 > /dev/null && debian-sa1 1 1)
Feb  3 13:57:07 uhzellbeck systemd[1]: Started CUPS Scheduler.
Feb  3 13:57:07 uhzellbeck colord[1201]: (colord:1201): Cd-WARNING **: failed to get session [pid 10436]: Kein passendes Gerät bzw. keine passende Adresse gefunden
Feb  3 13:59:00 uhzellbeck kernel: [14956.861946] ACPI Error: [LCD_] Namespace lookup failure, AE_NOT_FOUND (20150930/psargs-359)
Feb  3 13:59:00 uhzellbeck kernel: [14956.861954] ACPI Error: Method parse/execution failed [\_SB.PCI0.PEG0.PEGP.BRT6] (Node ffff88047d0edcf8), AE_NOT_FOUND (20150930/psparse-542)
Feb  3 13:59:00 uhzellbeck kernel: [14956.861959] ACPI Error: Method parse/execution failed [\EV5] (Node ffff88047d0f3b40), AE_NOT_FOUND (20150930/psparse-542)
Feb  3 13:59:00 uhzellbeck kernel: [14956.861963] ACPI Error: Method parse/execution failed [\SMEE] (Node ffff88047d0eff28), AE_NOT_FOUND (20150930/psparse-542)
Feb  3 13:59:00 uhzellbeck kernel: [14956.861967] ACPI Error: Method parse/execution failed [\SMIE] (Node ffff88047d0eff50), AE_NOT_FOUND (20150930/psparse-542)
Feb  3 13:59:00 uhzellbeck kernel: [14956.861971] ACPI Error: Method parse/execution failed [\NEVT] (Node ffff88047d0efed8), AE_NOT_FOUND (20150930/psparse-542)
Feb  3 13:59:00 uhzellbeck kernel: [14956.861976] ACPI Error: Method parse/execution failed [\_SB.PCI0.LPCB.ECDV._Q66] (Node ffff88047d0ef8c0), AE_NOT_FOUND (20150930/psparse-542)
Feb  3 13:59:00 uhzellbeck kernel: [14957.103476] ACPI Error: [LCD_] Namespace lookup failure, AE_NOT_FOUND (20150930/psargs-359)
Feb  3 13:59:00 uhzellbeck kernel: [14957.103481] ACPI Error: Method parse/execution failed [\_SB.PCI0.PEG0.PEGP.BRT6] (Node ffff88047d0edcf8), AE_NOT_FOUND (20150930/psparse-542)
Feb  3 13:59:00 uhzellbeck kernel: [14957.103486] ACPI Error: Method parse/execution failed [\EV5] (Node ffff88047d0f3b40), AE_NOT_FOUND (20150930/psparse-542)
Feb  3 13:59:00 uhzellbeck kernel: [14957.103489] ACPI Error: Method parse/execution failed [\SMEE] (Node ffff88047d0eff28), AE_NOT_FOUND (20150930/psparse-542)
Feb  3 13:59:00 uhzellbeck kernel: [14957.103492] ACPI Error: Method parse/execution failed [\SMIE] (Node ffff88047d0eff50), AE_NOT_FOUND (20150930/psparse-542)
Feb  3 13:59:00 uhzellbeck kernel: [14957.103495] ACPI Error: Method parse/execution failed [\NEVT] (Node ffff88047d0efed8), AE_NOT_FOUND (20150930/psparse-542)
Feb  3 13:59:00 uhzellbeck kernel: [14957.103499] ACPI Error: Method parse/execution failed [\_SB.PCI0.LPCB.ECDV._Q66] (Node ffff88047d0ef8c0), AE_NOT_FOUND (20150930/psparse-542)
Feb  3 13:59:00 uhzellbeck kernel: [14957.204612] ACPI Error: [LCD_] Namespace lookup failure, AE_NOT_FOUND (20150930/psargs-359)
Feb  3 13:59:00 uhzellbeck kernel: [14957.204617] ACPI Error: Method parse/execution failed [\_SB.PCI0.PEG0.PEGP.BRT6] (Node ffff88047d0edcf8), AE_NOT_FOUND (20150930/psparse-542)
Feb  3 13:59:00 uhzellbeck kernel: [14957.204623] ACPI Error: Method parse/execution failed [\EV5] (Node ffff88047d0f3b40), AE_NOT_FOUND (20150930/psparse-542)
Feb  3 13:59:00 uhzellbeck kernel: [14957.204627] ACPI Error: Method parse/execution failed [\SMEE] (Node ffff88047d0eff28), AE_NOT_FOUND (20150930/psparse-542)
Feb  3 13:59:00 uhzellbeck kernel: [14957.204631] ACPI Error: Method parse/execution failed [\SMIE] (Node ffff88047d0eff50), AE_NOT_FOUND (20150930/psparse-542)
Feb  3 13:59:00 uhzellbeck kernel: [14957.204636] ACPI Error: Method parse/execution failed [\NEVT] (Node ffff88047d0efed8), AE_NOT_FOUND (20150930/psparse-542)
Feb  3 13:59:00 uhzellbeck kernel: [14957.204639] ACPI Error: Method parse/execution failed [\_SB.PCI0.LPCB.ECDV._Q66] (Node ffff88047d0ef8c0), AE_NOT_FOUND (20150930/psparse-542)
Feb  3 14:05:01 uhzellbeck CRON[10584]: (root) CMD (command -v debian-sa1 > /dev/null && debian-sa1 1 1)
Feb  3 14:10:07 uhzellbeck systemd[1]: Started CUPS Scheduler.
Feb  3 14:10:07 uhzellbeck colord[1201]: (colord:1201): Cd-WARNING **: failed to get session [pid 10658]: Kein passendes Gerät bzw. keine passende Adresse gefunden
Feb  3 14:15:01 uhzellbeck CRON[10748]: (root) CMD (command -v debian-sa1 > /dev/null && debian-sa1 1 1)
Feb  3 14:17:01 uhzellbeck CRON[10784]: (root) CMD (   cd / && run-parts --report /etc/cron.hourly)
Feb  3 14:22:47 uhzellbeck kernel: [16383.354079] perf interrupt took too long (2616 > 2500), lowering kernel.perf_event_max_sample_rate to 50000
Feb  3 14:23:08 uhzellbeck systemd[1]: Started CUPS Scheduler.
Feb  3 14:23:08 uhzellbeck colord[1201]: (colord:1201): Cd-WARNING **: failed to get session [pid 10875]: Kein passendes Gerät bzw. keine passende Adresse gefunden
Feb  3 14:23:27 uhzellbeck wpa_supplicant[1313]: wlp2s0: WPA: Group rekeying completed with 60:38:e0:b8:da:a2 [GTK=CCMP]
Feb  3 14:25:01 uhzellbeck CRON[10922]: (root) CMD (command -v debian-sa1 > /dev/null && debian-sa1 1 1)
Feb  3 14:35:01 uhzellbeck CRON[11186]: (root) CMD (command -v debian-sa1 > /dev/null && debian-sa1 1 1)
Feb  3 14:36:09 uhzellbeck systemd[1]: Started CUPS Scheduler.
Feb  3 14:36:09 uhzellbeck colord[1201]: (colord:1201): Cd-WARNING **: failed to get session [pid 11285]: Kein passendes Gerät bzw. keine passende Adresse gefunden
Feb  3 14:45:01 uhzellbeck CRON[11404]: (root) CMD (command -v debian-sa1 > /dev/null && debian-sa1 1 1)
Feb  3 14:49:09 uhzellbeck systemd[1]: Started CUPS Scheduler.
Feb  3 14:49:09 uhzellbeck colord[1201]: (colord:1201): Cd-WARNING **: failed to get session [pid 11448]: Kein passendes Gerät bzw. keine passende Adresse gefunden
Feb  3 14:55:01 uhzellbeck CRON[11540]: (root) CMD (command -v debian-sa1 > /dev/null && debian-sa1 1 1)
Feb  3 14:56:49 uhzellbeck kernel: [18425.690729] usb 1-2: new low-speed USB device number 10 using xhci_hcd
Feb  3 14:56:49 uhzellbeck kernel: [18425.825373] usb 1-2: New USB device found, idVendor=046d, idProduct=c521
Feb  3 14:56:49 uhzellbeck kernel: [18425.825381] usb 1-2: New USB device strings: Mfr=1, Product=2, SerialNumber=0
Feb  3 14:56:49 uhzellbeck kernel: [18425.825386] usb 1-2: Product: USB Receiver
Feb  3 14:56:49 uhzellbeck kernel: [18425.825390] usb 1-2: Manufacturer: Logitech
Feb  3 14:56:49 uhzellbeck kernel: [18425.825744] usb 1-2: ep 0x81 - rounding interval to 64 microframes, ep desc says 80 microframes
Feb  3 14:56:49 uhzellbeck kernel: [18425.825761] usb 1-2: ep 0x82 - rounding interval to 64 microframes, ep desc says 80 microframes
Feb  3 14:56:49 uhzellbeck kernel: [18425.832002] input: Logitech USB Receiver as /devices/pci0000:00/0000:00:14.0/usb1/1-2/1-2:1.0/0003:046D:C521.0009/input/input27
Feb  3 14:56:49 uhzellbeck kernel: [18425.887221] hid-generic 0003:046D:C521.0009: input,hidraw0: USB HID v1.11 Mouse [Logitech USB Receiver] on usb-0000:00:14.0-2/input0
Feb  3 14:56:49 uhzellbeck kernel: [18425.894718] input: Logitech USB Receiver as /devices/pci0000:00/0000:00:14.0/usb1/1-2/1-2:1.1/0003:046D:C521.000A/input/input28
Feb  3 14:56:49 uhzellbeck kernel: [18425.951391] hid-generic 0003:046D:C521.000A: input,hiddev0,hidraw1: USB HID v1.11 Device [Logitech USB Receiver] on usb-0000:00:14.0-2/input1
Feb  3 14:56:49 uhzellbeck mtp-probe: checking bus 1, device 10: "/sys/devices/pci0000:00/0000:00:14.0/usb1/1-2"
Feb  3 14:56:49 uhzellbeck mtp-probe: bus: 1, device: 10 was not an MTP device
Feb  3 14:56:51 uhzellbeck kernel: [18427.506842] usb 1-3: new full-speed USB device number 11 using xhci_hcd
Feb  3 14:56:51 uhzellbeck kernel: [18427.639431] usb 1-3: New USB device found, idVendor=046d, idProduct=c318
Feb  3 14:56:51 uhzellbeck kernel: [18427.639439] usb 1-3: New USB device strings: Mfr=1, Product=2, SerialNumber=0
Feb  3 14:56:51 uhzellbeck kernel: [18427.639444] usb 1-3: Product: Logitech Illuminated Keyboard
Feb  3 14:56:51 uhzellbeck kernel: [18427.639448] usb 1-3: Manufacturer: Logitech
Feb  3 14:56:51 uhzellbeck kernel: [18427.643014] input: Logitech Logitech Illuminated Keyboard as /devices/pci0000:00/0000:00:14.0/usb1/1-3/1-3:1.0/0003:046D:C318.000B/input/input29
Feb  3 14:56:51 uhzellbeck kernel: [18427.699902] hid-generic 0003:046D:C318.000B: input,hidraw2: USB HID v1.11 Keyboard [Logitech Logitech Illuminated Keyboard] on usb-0000:00:14.0-3/input0
Feb  3 14:56:51 uhzellbeck kernel: [18427.702433] input: Logitech Logitech Illuminated Keyboard as /devices/pci0000:00/0000:00:14.0/usb1/1-3/1-3:1.1/0003:046D:C318.000C/input/input30
Feb  3 14:56:51 uhzellbeck kernel: [18427.755516] hid-generic 0003:046D:C318.000C: input,hiddev0,hidraw3: USB HID v1.11 Device [Logitech Logitech Illuminated Keyboard] on usb-0000:00:14.0-3/input1
Feb  3 14:56:51 uhzellbeck mtp-probe: checking bus 1, device 11: "/sys/devices/pci0000:00/0000:00:14.0/usb1/1-3"
Feb  3 14:56:51 uhzellbeck mtp-probe: bus: 1, device: 11 was not an MTP device
Feb  3 14:58:12 uhzellbeck dbus[965]: [system] Activating via systemd: service name='org.freedesktop.hostname1' unit='dbus-org.freedesktop.hostname1.service'
Feb  3 14:58:12 uhzellbeck systemd[1]: Starting Hostname Service...
Feb  3 14:58:12 uhzellbeck dbus[965]: [system] Successfully activated service 'org.freedesktop.hostname1'
Feb  3 14:58:12 uhzellbeck systemd[1]: Started Hostname Service.
Feb  3 14:58:12 uhzellbeck org.gtk.vfs.Daemon[1891]: ** (process:11623): WARNING **: Couldn't create directory monitor on smb://x-gnome-default-workgroup/. Error: Vorgang wird vom Backend nicht unterstützt
Feb  3 14:58:12 uhzellbeck org.gtk.vfs.Daemon[1891]: ** (process:11633): WARNING **: Couldn't create directory monitor on smb://x-gnome-default-workgroup/. Error: Vorgang wird vom Backend nicht unterstützt
Feb  3 15:00:47 uhzellbeck kernel: [18664.060436] nouveau 0000:01:00.0: DRM: resuming kernel object tree...
Feb  3 15:00:47 uhzellbeck kernel: [18664.204024] nouveau 0000:01:00.0: priv: HUB0: 614900 00800000 (1d408200)
Feb  3 15:00:47 uhzellbeck kernel: [18664.300933] nouveau 0000:01:00.0: DRM: resuming client object trees...
Feb  3 15:00:47 uhzellbeck kernel: [18664.300958] nouveau 0000:01:00.0: DRM: resuming display...
Feb  3 15:00:47 uhzellbeck kernel: [18664.300976] nouveau 0000:01:00.0: DRM: resuming console...
Feb  3 15:00:53 uhzellbeck kernel: [18669.692341] ACPI Warning: \_SB_.PCI0.PEG0.PEGP._DSM: Argument #4 type mismatch - Found [Buffer], ACPI requires [Package] (20150930/nsarguments-95)
Feb  3 15:00:53 uhzellbeck kernel: [18669.693539] ACPI: \_SB_.PCI0.PEG0.PEGP: failed to evaluate _DSM
Feb  3 15:00:53 uhzellbeck kernel: [18669.693552] ACPI Warning: \_SB_.PCI0.PEG0.PEGP._DSM: Argument #4 type mismatch - Found [Buffer], ACPI requires [Package] (20150930/nsarguments-95)
Feb  3 15:00:53 uhzellbeck kernel: [18669.694011] nouveau 0000:01:00.0: DRM: suspending console...
Feb  3 15:00:53 uhzellbeck kernel: [18669.694019] nouveau 0000:01:00.0: DRM: suspending display...
Feb  3 15:00:53 uhzellbeck kernel: [18669.694043] nouveau 0000:01:00.0: DRM: evicting buffers...
Feb  3 15:00:53 uhzellbeck kernel: [18669.694047] nouveau 0000:01:00.0: DRM: waiting for kernel channels to go idle...
Feb  3 15:00:53 uhzellbeck kernel: [18669.694074] nouveau 0000:01:00.0: DRM: suspending client object trees...
Feb  3 15:00:53 uhzellbeck kernel: [18669.695633] nouveau 0000:01:00.0: DRM: suspending kernel object tree...
Feb  3 15:02:10 uhzellbeck systemd[1]: Started CUPS Scheduler.
Feb  3 15:02:10 uhzellbeck colord[1201]: (colord:1201): Cd-WARNING **: failed to get session [pid 11762]: Kein passendes Gerät bzw. keine passende Adresse gefunden
Feb  3 15:05:01 uhzellbeck CRON[12048]: (root) CMD (command -v debian-sa1 > /dev/null && debian-sa1 1 1)
Feb  3 15:07:17 uhzellbeck org.gnome.zeitgeist.Engine[1891]: ** (zeitgeist-datahub:2601): WARNING **: zeitgeist-datahub.vala:212: Error during inserting events: GDBus.Error:org.gnome.zeitgeist.EngineError.InvalidArgument: Incomplete event: interpretation, manifestation and actor are required
Feb  3 15:09:39 uhzellbeck org.gnome.zeitgeist.Engine[1891]: ** (zeitgeist-datahub:2601): WARNING **: zeitgeist-datahub.vala:212: Error during inserting events: GDBus.Error:org.gnome.zeitgeist.EngineError.InvalidArgument: Incomplete event: interpretation, manifestation and actor are required
Feb  3 15:15:01 uhzellbeck CRON[12737]: (root) CMD (command -v debian-sa1 > /dev/null && debian-sa1 1 1)
Feb  3 15:15:11 uhzellbeck systemd[1]: Started CUPS Scheduler.
Feb  3 15:15:11 uhzellbeck colord[1201]: (colord:1201): Cd-WARNING **: failed to get session [pid 12741]: Kein passendes Gerät bzw. keine passende Adresse gefunden
Feb  3 15:17:01 uhzellbeck CRON[12821]: (root) CMD (   cd / && run-parts --report /etc/cron.hourly)
Feb  3 15:23:27 uhzellbeck wpa_supplicant[1313]: wlp2s0: WPA: Group rekeying completed with 60:38:e0:b8:da:a2 [GTK=CCMP]
Feb  3 15:25:01 uhzellbeck CRON[12964]: (root) CMD (command -v debian-sa1 > /dev/null && debian-sa1 1 1)
Feb  3 15:25:39 uhzellbeck gnome-session[2163]: gnome-session-binary[2163]: GLib-GObject-CRITICAL: g_object_unref: assertion 'G_IS_OBJECT (object)' failed
Feb  3 15:25:39 uhzellbeck gnome-session[2163]: gnome-session-binary[2163]: GLib-GObject-CRITICAL: g_object_unref: assertion 'G_IS_OBJECT (object)' failed
Feb  3 15:25:39 uhzellbeck gnome-session-binary[2163]: GLib-GObject-CRITICAL: g_object_unref: assertion 'G_IS_OBJECT (object)' failed
Feb  3 15:25:39 uhzellbeck gnome-session-binary[2163]: GLib-GObject-CRITICAL: g_object_unref: assertion 'G_IS_OBJECT (object)' failed
Feb  3 15:25:39 uhzellbeck gnome-session[2163]: gnome-session-binary[2163]: GLib-GObject-CRITICAL: g_object_unref: assertion 'G_IS_OBJECT (object)' failed
Feb  3 15:25:39 uhzellbeck gnome-session-binary[2163]: GLib-GObject-CRITICAL: g_object_unref: assertion 'G_IS_OBJECT (object)' failed
Feb  3 15:25:39 uhzellbeck gnome-session[2163]: gnome-session-binary[2163]: GLib-GObject-CRITICAL: g_object_unref: assertion 'G_IS_OBJECT (object)' failed
Feb  3 15:25:39 uhzellbeck gnome-session-binary[2163]: GLib-GObject-CRITICAL: g_object_unref: assertion 'G_IS_OBJECT (object)' failed
Feb  3 15:25:39 uhzellbeck gnome-session[2163]: gnome-session-binary[2163]: GLib-GObject-CRITICAL: g_object_unref: assertion 'G_IS_OBJECT (object)' failed
Feb  3 15:25:39 uhzellbeck gnome-session[2163]: gnome-session-binary[2163]: GLib-GObject-CRITICAL: g_object_unref: assertion 'G_IS_OBJECT (object)' failed
Feb  3 15:25:39 uhzellbeck gnome-session-binary[2163]: GLib-GObject-CRITICAL: g_object_unref: assertion 'G_IS_OBJECT (object)' failed
Feb  3 15:25:39 uhzellbeck gnome-session-binary[2163]: GLib-GObject-CRITICAL: g_object_unref: assertion 'G_IS_OBJECT (object)' failed
Feb  3 15:25:39 uhzellbeck systemd[1]: Removed slice system-openvpn.slice.
Feb  3 15:25:39 uhzellbeck systemd[1]: Stopping Manage, Install and Generate Color Profiles...
Feb  3 15:25:39 uhzellbeck systemd[1]: Closed Load/Save RF Kill Switch Status /dev/rfkill Watch.
Feb  3 15:25:39 uhzellbeck systemd[1]: Stopped target Sound Card.
Feb  3 15:25:39 uhzellbeck systemd[1]: Stopping Save/Restore Sound Card State...
Feb  3 15:25:39 uhzellbeck systemd[1]: Stopping User Manager for UID 1000...
Feb  3 15:25:39 uhzellbeck systemd[1]: Stopping Daemon for power management...
Feb  3 15:25:39 uhzellbeck rsyslogd: [origin software="rsyslogd" swVersion="8.16.0" x-pid="959" x-info="http://www.rsyslog.com"] exiting on signal 15.
Feb  9 19:53:56 uhzellbeck rsyslogd: [origin software="rsyslogd" swVersion="8.16.0" x-pid="971" x-info="http://www.rsyslog.com"] start
Feb  9 19:53:56 uhzellbeck rsyslogd-2222: command 'KLogPermitNonKernelFacility' is currently not permitted - did you already set it via a RainerScript command (v6+ config)? [v8.16.0 try http://www.rsyslog.com/e/2222 ]
Feb  9 19:53:56 uhzellbeck rsyslogd: rsyslogd's groupid changed to 108
Feb  9 19:53:56 uhzellbeck rsyslogd: rsyslogd's userid changed to 104
Feb  9 19:53:56 uhzellbeck systemd-modules-load[302]: Inserted module 'lp'
Feb  9 19:53:56 uhzellbeck systemd-modules-load[302]: Inserted module 'ppdev'
Feb  9 19:53:56 uhzellbeck loadkeys[277]: Lade /etc/console-setup/cached.kmap.gz.
Feb  9 19:53:56 uhzellbeck systemd-modules-load[302]: Inserted module 'parport_pc'
Feb  9 19:53:56 uhzellbeck systemd[1]: Started Create Static Device Nodes in /dev.
Feb  9 19:53:56 uhzellbeck systemd[1]: Starting udev Kernel Device Manager...
Feb  9 19:53:56 uhzellbeck systemd[1]: Started udev Kernel Device Manager.
Feb  9 19:53:56 uhzellbeck systemd[1]: Starting Remount Root and Kernel File Systems...
Feb  9 19:53:56 uhzellbeck systemd[1]: Started Remount Root and Kernel File Systems.
Feb  9 19:53:56 uhzellbeck systemd[1]: Starting udev Coldplug all Devices...
Feb  9 19:53:56 uhzellbeck systemd[1]: Starting Load/Save Random Seed...
Feb  9 19:53:56 uhzellbeck systemd[1]: Starting Flush Journal to Persistent Storage...
Feb  9 19:53:56 uhzellbeck systemd[1]: Reached target Local File Systems (Pre).
Feb  9 19:53:56 uhzellbeck systemd[1]: Started Load/Save Random Seed.
Feb  9 19:53:56 uhzellbeck systemd[1]: Started Flush Journal to Persistent Storage.
Feb  9 19:53:56 uhzellbeck systemd[1]: Started udev Coldplug all Devices.
Feb  9 19:53:56 uhzellbeck systemd[1]: Starting Show Plymouth Boot Screen...
Feb  9 19:53:56 uhzellbeck systemd[1]: Started Show Plymouth Boot Screen.
Feb  9 19:53:56 uhzellbeck systemd[1]: Started Forward Password Requests to Plymouth Directory Watch.
Feb  9 19:53:56 uhzellbeck systemd[1]: Created slice system-systemd\x2dbacklight.slice.
Feb  9 19:53:56 uhzellbeck mtp-probe: checking bus 1, device 4: "/sys/devices/pci0000:00/0000:00:14.0/usb1/1-11"
Feb  9 19:53:56 uhzellbeck systemd[1]: Starting Load/Save Screen Backlight Brightness of backlight:intel_backlight...
Feb  9 19:53:56 uhzellbeck mtp-probe: bus: 1, device: 4 was not an MTP device
Feb  9 19:53:56 uhzellbeck mtp-probe: checking bus 1, device 3: "/sys/devices/pci0000:00/0000:00:14.0/usb1/1-10"
Feb  9 19:53:56 uhzellbeck mtp-probe: bus: 1, device: 3 was not an MTP device
Feb  9 19:53:56 uhzellbeck ureadahead[286]: ureadahead:/home/uhzellbeck/.cache/upstart/gnome-keyring-ssh.log: Datei oder Verzeichnis nicht gefunden
Feb  9 19:53:56 uhzellbeck ureadahead[286]: ureadahead:/home/uhzellbeck/.cache/upstart/upstart-event-bridge.log: Datei oder Verzeichnis nicht gefunden
Feb  9 19:53:56 uhzellbeck ureadahead[286]: ureadahead:/home/uhzellbeck/.cache/upstart/update-notifier-crash-_var_crash__usr_lib_rstudio_bin_rstudio.1000.crash.log: Datei oder Verzeichnis nicht gefunden
Feb  9 19:53:56 uhzellbeck ureadahead[286]: ureadahead:/home/uhzellbeck/.cache/upstart/update-notifier-crash-_var_crash__usr_lib_virtualbox_VirtualBox.0.crash.log: Datei oder Verzeichnis nicht gefunden
Feb  9 19:53:56 uhzellbeck ureadahead[286]: ureadahead:/home/uhzellbeck/.cache/upstart/ssh-agent.log: Datei oder Verzeichnis nicht gefunden
Feb  9 19:53:56 uhzellbeck ureadahead[286]: ureadahead:/home/uhzellbeck/.cache/upstart/update-notifier-crash-_var_crash__opt_google_chrome_chrome.1000.crash.log: Datei oder Verzeichnis nicht gefunden
Feb  9 19:53:56 uhzellbeck ureadahead[286]: ureadahead:/home/uhzellbeck/.cache/upstart/window-stack-bridge.log: Datei oder Verzeichnis nicht gefunden
Feb  9 19:53:56 uhzellbeck rsyslogd-2039: Could not open output pipe '/dev/xconsole':: No such file or directory [v8.16.0 try http://www.rsyslog.com/e/2039 ]
Feb  9 19:53:56 uhzellbeck ureadahead[286]: ureadahead:/var/lib/NetworkManager/dhclient-wlp2s0.conf: Datei oder Verzeichnis nicht gefunden
Feb  9 19:53:56 uhzellbeck ureadahead[286]: ureadahead:/home/uhzellbeck/.cache/upstart/at-spi2-registryd.log: Datei oder Verzeichnis nicht gefunden
Feb  9 19:53:56 uhzellbeck systemd[1]: Found device /dev/disk/by-uuid/CCE8-3BBA.
Feb  9 19:53:56 uhzellbeck systemd[1]: Starting File System Check on /dev/disk/by-uuid/CCE8-3BBA...
Feb  9 19:53:56 uhzellbeck systemd[1]: Found device /dev/disk/by-uuid/94c2b40a-c6dc-4a41-a523-d66a1e19acdf.
Feb  9 19:53:56 uhzellbeck systemd[1]: Found device /dev/nvme0n1p7.
Feb  9 19:53:56 uhzellbeck systemd[1]: Found device /dev/disk/by-uuid/4076317B76317330.
Feb  9 19:53:56 uhzellbeck systemd[1]: Started File System Check Daemon to report status.
Feb  9 19:53:56 uhzellbeck systemd[1]: Mounting /media/OS...
Feb  9 19:53:56 uhzellbeck systemd[1]: Activating swap Swap Partition...
Feb  9 19:53:56 uhzellbeck systemd[1]: Activated swap Swap Partition.
Feb  9 19:53:56 uhzellbeck systemd[1]: Activated swap /dev/disk/by-uuid/94c2b40a-c6dc-4a41-a523-d66a1e19acdf.
Feb  9 19:53:56 uhzellbeck systemd[1]: Listening on Load/Save RF Kill Switch Status /dev/rfkill Watch.
Feb  9 19:53:56 uhzellbeck systemd[1]: Reached target Swap.
Feb  9 19:53:56 uhzellbeck systemd[1]: Starting Load/Save RF Kill Switch Status...
Feb  9 19:53:56 uhzellbeck ureadahead[286]: ureadahead:/home/uhzellbeck/.local/share/gvfs-metadata/home-1e8a6f8d.log: Datei oder Verzeichnis nicht gefunden
Feb  9 19:53:56 uhzellbeck ntfs-3g[716]: Version 2015.3.14AR.1 integrated FUSE 28
Feb  9 19:53:56 uhzellbeck rsyslogd-2007: action 'action 11' suspended, next retry is Thu Feb  9 19:54:26 2017 [v8.16.0 try http://www.rsyslog.com/e/2007 ]
Feb  9 19:53:56 uhzellbeck rsyslogd-2007: action 'action 10' suspended, next retry is Thu Feb  9 19:54:26 2017 [v8.16.0 try http://www.rsyslog.com/e/2007 ]
Feb  9 19:53:56 uhzellbeck ntfs-3g[716]: Mounted /dev/nvme0n1p3 (Read-Write, label "OS", NTFS 3.1)
Feb  9 19:53:56 uhzellbeck ntfs-3g[716]: Cmdline options: rw
Feb  9 19:53:56 uhzellbeck ntfs-3g[716]: Mount options: rw,allow_other,nonempty,relatime,fsname=/dev/nvme0n1p3,blkdev,blksize=4096
Feb  9 19:53:56 uhzellbeck ntfs-3g[716]: Ownership and permissions disabled, configuration type 7
Feb  9 19:53:56 uhzellbeck systemd[1]: Mounted /media/OS.
Feb  9 19:53:56 uhzellbeck systemd[1]: dev-disk-by\x2dpartlabel-Basic\x5cx20data\x5cx20partition.device: Dev dev-disk-by\x2dpartlabel-Basic\x5cx20data\x5cx20partition.device appeared twice with different sysfs paths /sys/devices/pci0000:00/0000:00:1d.0/0000:3d:00.0/nvme/nvme0/nvme0n1/nvme0n1p3 and /sys/devices/pci0000:00/0000:00:17.0/ata4/host3/target3:0:0/3:0:0:0/block/sda/sda2
Feb  9 19:53:56 uhzellbeck systemd[1]: Found device ST1000LM044_HN-M101SAD DATA.
Feb  9 19:53:56 uhzellbeck systemd[1]: Mounting /media/DATA...
Feb  9 19:53:56 uhzellbeck systemd-fsck[602]: fsck.fat 3.0.28 (2015-05-16)
Feb  9 19:53:56 uhzellbeck systemd-fsck[602]: /dev/nvme0n1p1: 207 files, 11924/126976 clusters
Feb  9 19:53:56 uhzellbeck systemd[1]: Started File System Check on /dev/disk/by-uuid/CCE8-3BBA.
Feb  9 19:53:56 uhzellbeck systemd[1]: Mounting /boot/efi...
Feb  9 19:53:56 uhzellbeck systemd[1]: Mounted /boot/efi.
Feb  9 19:53:56 uhzellbeck systemd[1]: Starting Load/Save Screen Backlight Brightness of leds:dell::kbd_backlight...
Feb  9 19:53:56 uhzellbeck systemd-udevd[378]: Process '/bin/hciconfig hci0 up' failed with exit code 1.
Feb  9 19:53:56 uhzellbeck systemd-rfkill[682]: Failed to open device: No such device
Feb  9 19:53:56 uhzellbeck systemd[1]: Started Load/Save RF Kill Switch Status.
Feb  9 19:53:56 uhzellbeck systemd[1]: Started Load/Save Screen Backlight Brightness of leds:dell::kbd_backlight.
Feb  9 19:53:56 uhzellbeck systemd[1]: Started Braille Device Support.
Feb  9 19:53:56 uhzellbeck ntfs-3g[750]: Version 2015.3.14AR.1 integrated FUSE 28
Feb  9 19:53:56 uhzellbeck ntfs-3g[750]: Mounted /dev/sda2 (Read-Write, label "DATA", NTFS 3.1)
Feb  9 19:53:56 uhzellbeck ntfs-3g[750]: Cmdline options: rw
Feb  9 19:53:56 uhzellbeck kernel: [    0.000000] Initializing cgroup subsys cpuset
Feb  9 19:53:56 uhzellbeck ntfs-3g[750]: Mount options: rw,allow_other,nonempty,relatime,fsname=/dev/sda2,blkdev,blksize=4096
Feb  9 19:53:56 uhzellbeck kernel: [    0.000000] Initializing cgroup subsys cpu
Feb  9 19:53:56 uhzellbeck kernel: [    0.000000] Initializing cgroup subsys cpuacct
Feb  9 19:53:56 uhzellbeck kernel: [    0.000000] Linux version 4.4.0-59-generic (buildd@lgw01-11) (gcc version 5.4.0 20160609 (Ubuntu 5.4.0-6ubuntu1~16.04.4) ) #80-Ubuntu SMP Fri Jan 6 17:47:47 UTC 2017 (Ubuntu 4.4.0-59.80-generic 4.4.35)
Feb  9 19:53:56 uhzellbeck ntfs-3g[750]: Ownership and permissions disabled, configuration type 7
Feb  9 19:53:56 uhzellbeck kernel: [    0.000000] Command line: BOOT_IMAGE=/boot/vmlinuz-4.4.0-59-generic.efi.signed root=UUID=0d790e23-285c-4bf7-8a0f-e9c57df3c066 ro quiet splash vt.handoff=7
Feb  9 19:53:56 uhzellbeck kernel: [    0.000000] KERNEL supported cpus:
Feb  9 19:53:56 uhzellbeck kernel: [    0.000000]   Intel GenuineIntel
Feb  9 19:53:56 uhzellbeck systemd[1]: Mounted /media/DATA.
Feb  9 19:53:56 uhzellbeck kernel: [    0.000000]   AMD AuthenticAMD
Feb  9 19:53:56 uhzellbeck kernel: [    0.000000]   Centaur CentaurHauls
Feb  9 19:53:56 uhzellbeck kernel: [    0.000000] x86/fpu: xstate_offset[2]:  576, xstate_sizes[2]:  256
Feb  9 19:53:56 uhzellbeck systemd[1]: Reached target Local File Systems.
Feb  9 19:53:56 uhzellbeck kernel: [    0.000000] x86/fpu: xstate_offset[3]:  960, xstate_sizes[3]:   64
Feb  9 19:53:56 uhzellbeck kernel: [    0.000000] x86/fpu: xstate_offset[4]: 1024, xstate_sizes[4]:   64
Feb  9 19:53:56 uhzellbeck kernel: [    0.000000] x86/fpu: Supporting XSAVE feature 0x01: 'x87 floating point registers'
Feb  9 19:53:56 uhzellbeck kernel: [    0.000000] x86/fpu: Supporting XSAVE feature 0x02: 'SSE registers'
Feb  9 19:53:56 uhzellbeck kernel: [    0.000000] x86/fpu: Supporting XSAVE feature 0x04: 'AVX registers'
Feb  9 19:53:56 uhzellbeck systemd[1]: Starting Create Volatile Files and Directories...
Feb  9 19:53:56 uhzellbeck kernel: [    0.000000] x86/fpu: Supporting XSAVE feature 0x08: 'MPX bounds registers'
Feb  9 19:53:56 uhzellbeck kernel: [    0.000000] x86/fpu: Supporting XSAVE feature 0x10: 'MPX CSR'
Feb  9 19:53:56 uhzellbeck kernel: [    0.000000] x86/fpu: Enabled xstate features 0x1f, context size is 1088 bytes, using 'standard' format.
Feb  9 19:53:56 uhzellbeck kernel: [    0.000000] x86/fpu: Using 'eager' FPU context switches.
Feb  9 19:53:56 uhzellbeck systemd[1]: Starting Set console font and keymap...
Feb  9 19:53:56 uhzellbeck kernel: [    0.000000] e820: BIOS-provided physical RAM map:
Feb  9 19:53:56 uhzellbeck kernel: [    0.000000] BIOS-e820: [mem 0x0000000000000000-0x0000000000000fff] reserved
Feb  9 19:53:56 uhzellbeck kernel: [    0.000000] BIOS-e820: [mem 0x0000000000001000-0x0000000000057fff] usable
Feb  9 19:53:56 uhzellbeck systemd[1]: Starting LSB: AppArmor initialization...
Feb  9 19:53:56 uhzellbeck kernel: [    0.000000] BIOS-e820: [mem 0x0000000000058000-0x0000000000058fff] reserved
Feb  9 19:53:56 uhzellbeck kernel: [    0.000000] BIOS-e820: [mem 0x0000000000059000-0x000000000009cfff] usable
Feb  9 19:53:56 uhzellbeck kernel: [    0.000000] BIOS-e820: [mem 0x000000000009d000-0x000000000009ffff] reserved
Feb  9 19:53:56 uhzellbeck kernel: [    0.000000] BIOS-e820: [mem 0x0000000000100000-0x000000005f927fff] usable
Feb  9 19:53:56 uhzellbeck kernel: [    0.000000] BIOS-e820: [mem 0x000000005f928000-0x000000005f928fff] ACPI NVS
Feb  9 19:53:56 uhzellbeck kernel: [    0.000000] BIOS-e820: [mem 0x000000005f929000-0x000000005f972fff] reserved
Feb  9 19:53:56 uhzellbeck systemd-tmpfiles[752]: [/usr/lib/tmpfiles.d/var.conf:14] Duplicate line for path "/var/log", ignoring.
Feb  9 19:53:56 uhzellbeck kernel: [    0.000000] BIOS-e820: [mem 0x000000005f973000-0x000000005f9c9fff] usable
Feb  9 19:53:56 uhzellbeck kernel: [    0.000000] BIOS-e820: [mem 0x000000005f9ca000-0x00000000601bafff] reserved
Feb  9 19:53:56 uhzellbeck systemd[1]: Starting Clean up any mess left by 0dns-up...
Feb  9 19:53:56 uhzellbeck kernel: [    0.000000] BIOS-e820: [mem 0x00000000601bb000-0x000000006b484fff] usable
Feb  9 19:53:56 uhzellbeck kernel: [    0.000000] BIOS-e820: [mem 0x000000006b485000-0x000000006b831fff] reserved
Feb  9 19:53:56 uhzellbeck kernel: [    0.000000] BIOS-e820: [mem 0x000000006b832000-0x000000006b874fff] ACPI data
Feb  9 19:53:56 uhzellbeck systemd[1]: Starting Tell Plymouth To Write Out Runtime Data...
Feb  9 19:53:56 uhzellbeck kernel: [    0.000000] BIOS-e820: [mem 0x000000006b875000-0x000000006becdfff] ACPI NVS
Feb  9 19:53:56 uhzellbeck kernel: [    0.000000] BIOS-e820: [mem 0x000000006bece000-0x000000006c4fefff] reserved
Feb  9 19:53:56 uhzellbeck kernel: [    0.000000] BIOS-e820: [mem 0x000000006c4ff000-0x000000006c4fffff] usable
Feb  9 19:53:56 uhzellbeck kernel: [    0.000000] BIOS-e820: [mem 0x000000006c500000-0x000000006c5fffff] reserved
Feb  9 19:53:56 uhzellbeck systemd[1]: Started Clean up any mess left by 0dns-up.
Feb  9 19:53:56 uhzellbeck kernel: [    0.000000] BIOS-e820: [mem 0x00000000e0000000-0x00000000efffffff] reserved
Feb  9 19:53:56 uhzellbeck kernel: [    0.000000] BIOS-e820: [mem 0x00000000fe000000-0x00000000fe010fff] reserved
Feb  9 19:53:56 uhzellbeck kernel: [    0.000000] BIOS-e820: [mem 0x00000000fec00000-0x00000000fec00fff] reserved
Feb  9 19:53:56 uhzellbeck kernel: [    0.000000] BIOS-e820: [mem 0x00000000fee00000-0x00000000fee00fff] reserved
Feb  9 19:53:56 uhzellbeck kernel: [    0.000000] BIOS-e820: [mem 0x00000000ff000000-0x00000000ffffffff] reserved
Feb  9 19:53:56 uhzellbeck kernel: [    0.000000] BIOS-e820: [mem 0x0000000100000000-0x000000048dffffff] usable
Feb  9 19:53:56 uhzellbeck systemd[1]: Started Create Volatile Files and Directories.
Feb  9 19:53:56 uhzellbeck kernel: [    0.000000] NX (Execute Disable) protection: active
Feb  9 19:53:56 uhzellbeck kernel: [    0.000000] e820: update [mem 0x5db3f018-0x5db6ac57] usable ==> usable
Feb  9 19:53:56 uhzellbeck kernel: [    0.000000] e820: update [mem 0x5db2e018-0x5db3e057] usable ==> usable
Feb  9 19:53:56 uhzellbeck kernel: [    0.000000] e820: update [mem 0x5db1d018-0x5db2d257] usable ==> usable
Feb  9 19:53:56 uhzellbeck kernel: [    0.000000] extended physical RAM map:
Feb  9 19:53:56 uhzellbeck kernel: [    0.000000] reserve setup_data: [mem 0x0000000000000000-0x0000000000000fff] reserved
Feb  9 19:53:56 uhzellbeck kernel: [    0.000000] reserve setup_data: [mem 0x0000000000001000-0x0000000000057fff] usable
Feb  9 19:53:56 uhzellbeck kernel: [    0.000000] reserve setup_data: [mem 0x0000000000058000-0x0000000000058fff] reserved
Feb  9 19:53:56 uhzellbeck kernel: [    0.000000] reserve setup_data: [mem 0x0000000000059000-0x000000000009cfff] usable
Feb  9 19:53:56 uhzellbeck kernel: [    0.000000] reserve setup_data: [mem 0x000000000009d000-0x000000000009ffff] reserved
Feb  9 19:53:56 uhzellbeck kernel: [    0.000000] reserve setup_data: [mem 0x0000000000100000-0x000000005db1d017] usable
Feb  9 19:53:56 uhzellbeck kernel: [    0.000000] reserve setup_data: [mem 0x000000005db1d018-0x000000005db2d257] usable
Feb  9 19:53:56 uhzellbeck kernel: [    0.000000] reserve setup_data: [mem 0x000000005db2d258-0x000000005db2e017] usable
Feb  9 19:53:56 uhzellbeck kernel: [    0.000000] reserve setup_data: [mem 0x000000005db2e018-0x000000005db3e057] usable
Feb  9 19:53:56 uhzellbeck systemd[1]: Starting Network Time Synchronization...
Feb  9 19:53:56 uhzellbeck kernel: [    0.000000] reserve setup_data: [mem 0x000000005db3e058-0x000000005db3f017] usable
Feb  9 19:53:56 uhzellbeck kernel: [    0.000000] reserve setup_data: [mem 0x000000005db3f018-0x000000005db6ac57] usable
Feb  9 19:53:56 uhzellbeck kernel: [    0.000000] reserve setup_data: [mem 0x000000005db6ac58-0x000000005f927fff] usable
Feb  9 19:53:56 uhzellbeck kernel: [    0.000000] reserve setup_data: [mem 0x000000005f928000-0x000000005f928fff] ACPI NVS
Feb  9 19:53:56 uhzellbeck systemd[1]: Starting Update UTMP about System Boot/Shutdown...
Feb  9 19:53:56 uhzellbeck kernel: [    0.000000] reserve setup_data: [mem 0x000000005f929000-0x000000005f972fff] reserved
Feb  9 19:53:56 uhzellbeck kernel: [    0.000000] reserve setup_data: [mem 0x000000005f973000-0x000000005f9c9fff] usable
Feb  9 19:53:56 uhzellbeck kernel: [    0.000000] reserve setup_data: [mem 0x000000005f9ca000-0x00000000601bafff] reserved
Feb  9 19:53:56 uhzellbeck systemd[1]: Starting Nameserver information manager...
Feb  9 19:53:56 uhzellbeck kernel: [    0.000000] reserve setup_data: [mem 0x00000000601bb000-0x000000006b484fff] usable
Feb  9 19:53:56 uhzellbeck kernel: [    0.000000] reserve setup_data: [mem 0x000000006b485000-0x000000006b831fff] reserved
Feb  9 19:53:56 uhzellbeck kernel: [    0.000000] reserve setup_data: [mem 0x000000006b832000-0x000000006b874fff] ACPI data
Feb  9 19:53:56 uhzellbeck kernel: [    0.000000] reserve setup_data: [mem 0x000000006b875000-0x000000006becdfff] ACPI NVS
Feb  9 19:53:56 uhzellbeck systemd[1]: Started Nameserver information manager.
Feb  9 19:53:56 uhzellbeck kernel: [    0.000000] reserve setup_data: [mem 0x000000006bece000-0x000000006c4fefff] reserved
Feb  9 19:53:56 uhzellbeck kernel: [    0.000000] reserve setup_data: [mem 0x000000006c4ff000-0x000000006c4fffff] usable
Feb  9 19:53:56 uhzellbeck kernel: [    0.000000] reserve setup_data: [mem 0x000000006c500000-0x000000006c5fffff] reserved
Feb  9 19:53:56 uhzellbeck systemd[1]: Started Network Time Synchronization.
Feb  9 19:53:56 uhzellbeck kernel: [    0.000000] reserve setup_data: [mem 0x00000000e0000000-0x00000000efffffff] reserved
Feb  9 19:53:56 uhzellbeck kernel: [    0.000000] reserve setup_data: [mem 0x00000000fe000000-0x00000000fe010fff] reserved
Feb  9 19:53:56 uhzellbeck kernel: [    0.000000] reserve setup_data: [mem 0x00000000fec00000-0x00000000fec00fff] reserved
Feb  9 19:53:56 uhzellbeck kernel: [    0.000000] reserve setup_data: [mem 0x00000000fee00000-0x00000000fee00fff] reserved
Feb  9 19:53:56 uhzellbeck kernel: [    0.000000] reserve setup_data: [mem 0x00000000ff000000-0x00000000ffffffff] reserved
Feb  9 19:53:56 uhzellbeck systemd[1]: Started Update UTMP about System Boot/Shutdown.
Feb  9 19:53:56 uhzellbeck kernel: [    0.000000] reserve setup_data: [mem 0x0000000100000000-0x000000048dffffff] usable
Feb  9 19:53:56 uhzellbeck kernel: [    0.000000] efi: EFI v2.40 by American Megatrends
Feb  9 19:53:56 uhzellbeck kernel: [    0.000000] efi:  ACPI=0x6b844000  ACPI 2.0=0x6b844000  SMBIOS=0x6c2d7000  ESRT=0x6c252598  SMBIOS 3.0=0x6c2d6000 
Feb  9 19:53:56 uhzellbeck kernel: [    0.000000] esrt: Reserving ESRT space from 0x000000006c252598 to 0x000000006c2525d0.
Feb  9 19:53:56 uhzellbeck systemd[1]: Reached target System Time Synchronized.
Feb  9 19:53:56 uhzellbeck kernel: [    0.000000] SMBIOS 3.0.0 present.
Feb  9 19:53:56 uhzellbeck kernel: [    0.000000] e820: update [mem 0x00000000-0x00000fff] usable ==> reserved
Feb  9 19:53:56 uhzellbeck kernel: [    0.000000] e820: remove [mem 0x000a0000-0x000fffff] usable
Feb  9 19:53:56 uhzellbeck kernel: [    0.000000] e820: last_pfn = 0x48e000 max_arch_pfn = 0x400000000
Feb  9 19:53:56 uhzellbeck systemd[1]: Started Set console font and keymap.
Feb  9 19:53:56 uhzellbeck kernel: [    0.000000] MTRR default type: write-back
Feb  9 19:53:56 uhzellbeck kernel: [    0.000000] MTRR fixed ranges enabled:
Feb  9 19:53:56 uhzellbeck kernel: [    0.000000]   00000-9FFFF write-back
Feb  9 19:53:56 uhzellbeck systemd[1]: Created slice system-getty.slice.
Feb  9 19:53:56 uhzellbeck kernel: [    0.000000]   A0000-BFFFF uncachable
Feb  9 19:53:56 uhzellbeck kernel: [    0.000000]   C0000-FFFFF write-protect
Feb  9 19:53:56 uhzellbeck kernel: [    0.000000] MTRR variable ranges enabled:
Feb  9 19:53:56 uhzellbeck kernel: [    0.000000]   0 base 0080000000 mask 7F80000000 uncachable
Feb  9 19:53:56 uhzellbeck systemd[1]: Started Load/Save Screen Backlight Brightness of backlight:intel_backlight.
Feb  9 19:53:56 uhzellbeck kernel: [    0.000000]   1 base 0070000000 mask 7FF0000000 uncachable
Feb  9 19:53:56 uhzellbeck kernel: [    0.000000]   2 base 006E000000 mask 7FFE000000 uncachable
Feb  9 19:53:56 uhzellbeck kernel: [    0.000000]   3 base 006D800000 mask 7FFF800000 uncachable
Feb  9 19:53:56 uhzellbeck kernel: [    0.000000]   4 disabled
Feb  9 19:53:56 uhzellbeck systemd[1]: Reached target Sound Card.
Feb  9 19:53:56 uhzellbeck kernel: [    0.000000]   5 disabled
Feb  9 19:53:56 uhzellbeck kernel: [    0.000000]   6 disabled
Feb  9 19:53:56 uhzellbeck kernel: [    0.000000]   7 disabled
Feb  9 19:53:56 uhzellbeck kernel: [    0.000000]   8 disabled
Feb  9 19:53:56 uhzellbeck kernel: [    0.000000]   9 disabled
Feb  9 19:53:56 uhzellbeck systemd[1]: Received SIGRTMIN+20 from PID 389 (plymouthd).
Feb  9 19:53:56 uhzellbeck kernel: [    0.000000] x86/PAT: Configuration [0-7]: WB  WC  UC- UC  WB  WC  UC- WT  
Feb  9 19:53:56 uhzellbeck kernel: [    0.000000] e820: last_pfn = 0x6c500 max_arch_pfn = 0x400000000
Feb  9 19:53:56 uhzellbeck kernel: [    0.000000] Scanning 1 areas for low memory corruption
Feb  9 19:53:56 uhzellbeck systemd[1]: Started Tell Plymouth To Write Out Runtime Data.
Feb  9 19:53:56 uhzellbeck kernel: [    0.000000] Base memory trampoline at [ffff880000097000] 97000 size 24576
Feb  9 19:53:56 uhzellbeck kernel: [    0.000000] Using GB pages for direct mapping
Feb  9 19:53:56 uhzellbeck kernel: [    0.000000] BRK [0x0220b000, 0x0220bfff] PGTABLE
Feb  9 19:53:56 uhzellbeck kernel: [    0.000000] BRK [0x0220c000, 0x0220cfff] PGTABLE
Feb  9 19:53:56 uhzellbeck kernel: [    0.000000] BRK [0x0220d000, 0x0220dfff] PGTABLE
Feb  9 19:53:56 uhzellbeck apparmor[755]:  * Starting AppArmor profiles
Feb  9 19:53:56 uhzellbeck apparmor[755]: Skipping profile in /etc/apparmor.d/disable: usr.bin.firefox
Feb  9 19:53:56 uhzellbeck apparmor[755]: Skipping profile in /etc/apparmor.d/disable: usr.sbin.rsyslogd
Feb  9 19:53:56 uhzellbeck apparmor[755]:    ...done.
Feb  9 19:53:56 uhzellbeck systemd[1]: Started LSB: AppArmor initialization.
Feb  9 19:53:56 uhzellbeck systemd[1]: Starting Raise network interfaces...
Feb  9 19:53:56 uhzellbeck systemd[1]: Reached target System Initialization.
Feb  9 19:53:56 uhzellbeck systemd[1]: Started Daily Cleanup of Temporary Directories.
Feb  9 19:53:56 uhzellbeck systemd[1]: Started ACPI Events Check.
Feb  9 19:53:56 uhzellbeck systemd[1]: apt-daily.timer: Adding 6h 54min 26.895323s random time.
Feb  9 19:53:56 uhzellbeck systemd[1]: Started Daily apt activities.
Feb  9 19:53:56 uhzellbeck systemd[1]: Listening on CUPS Scheduler.
Feb  9 19:53:56 uhzellbeck systemd[1]: Listening on ACPID Listen Socket.
Feb  9 19:53:56 uhzellbeck systemd[1]: Listening on PC/SC Smart Card Daemon Activation Socket.
Feb  9 19:53:56 uhzellbeck systemd[1]: Listening on Avahi mDNS/DNS-SD Stack Activation Socket.
Feb  9 19:53:56 uhzellbeck systemd[1]: snapd.refresh.timer: Adding 5h 26min 53.666938s random time.
Feb  9 19:53:56 uhzellbeck systemd[1]: snapd.refresh.timer: Adding 3h 53min 46.516171s random time.
Feb  9 19:53:56 uhzellbeck systemd[1]: Started Timer to automatically refresh installed snaps.
Feb  9 19:53:56 uhzellbeck systemd[1]: Reached target Timers.
Feb  9 19:53:56 uhzellbeck systemd[1]: Starting Socket activation for snappy daemon.
Feb  9 19:53:56 uhzellbeck systemd[1]: Started CUPS Scheduler.
Feb  9 19:53:56 uhzellbeck kernel: [    0.000000] BRK [0x0220e000, 0x0220efff] PGTABLE
Feb  9 19:53:56 uhzellbeck systemd[1]: Started Trigger resolvconf update for networkd DNS.
Feb  9 19:53:56 uhzellbeck kernel: [    0.000000] BRK [0x0220f000, 0x0220ffff] PGTABLE
Feb  9 19:53:56 uhzellbeck kernel: [    0.000000] BRK [0x02210000, 0x02210fff] PGTABLE
Feb  9 19:53:56 uhzellbeck kernel: [    0.000000] RAMDISK: [mem 0x266ed000-0x28ae0fff]
Feb  9 19:53:56 uhzellbeck kernel: [    0.000000] Secure boot enabled
Feb  9 19:53:56 uhzellbeck systemd[1]: Reached target Paths.
Feb  9 19:53:56 uhzellbeck kernel: [    0.000000] ACPI: Early table checksum verification disabled
Feb  9 19:53:56 uhzellbeck kernel: [    0.000000] ACPI: RSDP 0x000000006B844000 000024 (v02 DELL  )
Feb  9 19:53:56 uhzellbeck kernel: [    0.000000] ACPI: XSDT 0x000000006B8440B8 0000EC (v01 DELL   CBX3     01072009 AMI  00010013)
Feb  9 19:53:56 uhzellbeck systemd[1]: Listening on D-Bus System Message Bus Socket.
Feb  9 19:53:56 uhzellbeck kernel: [    0.000000] ACPI: FACP 0x000000006B865830 00010C (v05 DELL   CBX3     01072009 AMI  00010013)
Feb  9 19:53:56 uhzellbeck kernel: [    0.000000] ACPI: DSDT 0x000000006B844230 021600 (v02 DELL   CBX3     01072009 INTL 20120913)
Feb  9 19:53:56 uhzellbeck kernel: [    0.000000] ACPI: FACS 0x000000006BECBF80 000040
Feb  9 19:53:56 uhzellbeck kernel: [    0.000000] ACPI: APIC 0x000000006B865940 0000BC (v03 DELL   CBX3     01072009 AMI  00010013)
Feb  9 19:53:56 uhzellbeck systemd[1]: Listening on UUID daemon activation socket.
Feb  9 19:53:56 uhzellbeck kernel: [    0.000000] ACPI: FPDT 0x000000006B865A00 000044 (v01 DELL   CBX3     01072009 AMI  00010013)
Feb  9 19:53:56 uhzellbeck kernel: [    0.000000] ACPI: FIDT 0x000000006B865A48 00009C (v01 DELL   CBX3     01072009 AMI  00010013)
Feb  9 19:53:56 uhzellbeck kernel: [    0.000000] ACPI: MCFG 0x000000006B865AE8 00003C (v01 DELL   CBX3     01072009 MSFT 00000097)
Feb  9 19:53:56 uhzellbeck systemd[1]: Listening on Socket activation for snappy daemon.
Feb  9 19:53:56 uhzellbeck kernel: [    0.000000] ACPI: HPET 0x000000006B865B28 000038 (v01 DELL   CBX3     01072009 AMI. 0005000B)
Feb  9 19:53:56 uhzellbeck kernel: [    0.000000] ACPI: SSDT 0x000000006B865B60 00050E (v01 SataRe SataTabl 00001000 INTL 20120913)
Feb  9 19:53:56 uhzellbeck kernel: [    0.000000] ACPI: LPIT 0x000000006B866070 000094 (v01 INTEL  SKL      00000000 MSFT 0000005F)
Feb  9 19:53:56 uhzellbeck systemd[1]: Reached target Sockets.
Feb  9 19:53:56 uhzellbeck kernel: [    0.000000] ACPI: SSDT 0x000000006B866108 000248 (v02 INTEL  sensrhub 00000000 INTL 20120913)
Feb  9 19:53:56 uhzellbeck kernel: [    0.000000] ACPI: SSDT 0x000000006B866350 002BAE (v02 INTEL  PtidDevc 00001000 INTL 20120913)
Feb  9 19:53:56 uhzellbeck kernel: [    0.000000] ACPI: SSDT 0x000000006B868F00 0007D9 (v02 INTEL  xh_rvp07 00000000 INTL 20120913)
Feb  9 19:53:56 uhzellbeck kernel: [    0.000000] ACPI: DBGP 0x000000006B8696E0 000034 (v01 INTEL           00000000 MSFT 0000005F)
Feb  9 19:53:56 uhzellbeck kernel: [    0.000000] ACPI: DBG2 0x000000006B869718 000054 (v00 INTEL           00000000 MSFT 0000005F)
Feb  9 19:53:56 uhzellbeck kernel: [    0.000000] ACPI: SSDT 0x000000006B869770 00373B (v02 SaSsdt SaSsdt   00003000 INTL 20120913)
Feb  9 19:53:56 uhzellbeck systemd[1]: Reached target Basic System.
Feb  9 19:53:56 uhzellbeck kernel: [    0.000000] ACPI: UEFI 0x000000006B86CEB0 000042 (v01                 00000000      00000000)
Feb  9 19:53:56 uhzellbeck kernel: [    0.000000] ACPI: SSDT 0x000000006B86CEF8 000E73 (v02 CpuRef CpuSsdt  00003000 INTL 20120913)
Feb  9 19:53:56 uhzellbeck kernel: [    0.000000] ACPI: SSDT 0x000000006B86DD70 004374 (v02 DptfTa DptfTabl 00001000 INTL 20120913)
Feb  9 19:53:56 uhzellbeck systemd[1]: Starting Avahi mDNS/DNS-SD Stack...
Feb  9 19:53:56 uhzellbeck kernel: [    0.000000] ACPI: MSDM 0x000000006B8720E8 000055 (v03 DELL   CBX3     06222004 AMI  00010013)
Feb  9 19:53:56 uhzellbeck kernel: [    0.000000] ACPI: SLIC 0x000000006B872140 000176 (v03 DELL   CBX3     01072009 MSFT 00010013)
Feb  9 19:53:56 uhzellbeck kernel: [    0.000000] ACPI: BGRT 0x000000006B8722B8 000038 (v00 ?Pqm            01072009 AMI  00010013)
Feb  9 19:53:56 uhzellbeck systemd[1]: apt-daily.timer: Adding 7h 17min 47.807316s random time.
Feb  9 19:53:56 uhzellbeck kernel: [    0.000000] ACPI: SSDT 0x000000006B8722F0 000094 (v02 SgRef  SgPeg    00001000 INTL 20120913)
Feb  9 19:53:56 uhzellbeck kernel: [    0.000000] ACPI: DMAR 0x000000006B872388 0000A8 (v01 INTEL  SKL      00000001 INTL 00000001)
Feb  9 19:53:56 uhzellbeck kernel: [    0.000000] ACPI: TPM2 0x000000006B872430 000034 (v03        Tpm2Tabl 00000001 AMI  00000000)
Feb  9 19:53:56 uhzellbeck kernel: [    0.000000] ACPI: SSDT 0x000000006B872468 0019FF (v01 OptRef OptTabl  00001000 INTL 20120913)
Feb  9 19:53:56 uhzellbeck kernel: [    0.000000] ACPI: ASF! 0x000000006B873E68 0000A5 (v32 INTEL   HCG     00000001 TFSM 000F4240)
Feb  9 19:53:56 uhzellbeck systemd[1]: Starting Detect the available GPUs and deal with any system changes...
Feb  9 19:53:56 uhzellbeck kernel: [    0.000000] ACPI: Local APIC address 0xfee00000
Feb  9 19:53:56 uhzellbeck kernel: [    0.000000] No NUMA configuration found
Feb  9 19:53:56 uhzellbeck kernel: [    0.000000] Faking a node at [mem 0x0000000000000000-0x000000048dffffff]
Feb  9 19:53:56 uhzellbeck systemd[1]: Starting LSB: daemon to balance interrupts for SMP systems...
Feb  9 19:53:56 uhzellbeck kernel: [    0.000000] NODE_DATA(0) allocated [mem 0x48dff8000-0x48dffcfff]
Feb  9 19:53:56 uhzellbeck kernel: [    0.000000] Zone ranges:
Feb  9 19:53:56 uhzellbeck kernel: [    0.000000]   DMA      [mem 0x0000000000001000-0x0000000000ffffff]
Feb  9 19:53:56 uhzellbeck kernel: [    0.000000]   DMA32    [mem 0x0000000001000000-0x00000000ffffffff]
Feb  9 19:53:56 uhzellbeck kernel: [    0.000000]   Normal   [mem 0x0000000100000000-0x000000048dffffff]
Feb  9 19:53:56 uhzellbeck systemd[1]: Starting LSB: Start/stop sysstat's sadc...
Feb  9 19:53:56 uhzellbeck kernel: [    0.000000]   Device   empty
Feb  9 19:53:56 uhzellbeck kernel: [    0.000000] Movable zone start for each node
Feb  9 19:53:56 uhzellbeck kernel: [    0.000000] Early memory node ranges
Feb  9 19:53:56 uhzellbeck kernel: [    0.000000]   node   0: [mem 0x0000000000001000-0x0000000000057fff]
Feb  9 19:53:56 uhzellbeck systemd[1]: Started CUPS Scheduler.
Feb  9 19:53:56 uhzellbeck kernel: [    0.000000]   node   0: [mem 0x0000000000059000-0x000000000009cfff]
Feb  9 19:53:56 uhzellbeck kernel: [    0.000000]   node   0: [mem 0x0000000000100000-0x000000005f927fff]
Feb  9 19:53:56 uhzellbeck kernel: [    0.000000]   node   0: [mem 0x000000005f973000-0x000000005f9c9fff]
Feb  9 19:53:56 uhzellbeck gpu-manager[951]: /etc/modprobe.d is not a file
Feb  9 19:53:56 uhzellbeck kernel: [    0.000000]   node   0: [mem 0x00000000601bb000-0x000000006b484fff]
Feb  9 19:53:56 uhzellbeck kernel: [    0.000000]   node   0: [mem 0x000000006c4ff000-0x000000006c4fffff]
Feb  9 19:53:56 uhzellbeck kernel: [    0.000000]   node   0: [mem 0x0000000100000000-0x000000048dffffff]
Feb  9 19:53:56 uhzellbeck avahi-daemon[946]: Found user 'avahi' (UID 111) and group 'avahi' (GID 120).
Feb  9 19:53:56 uhzellbeck kernel: [    0.000000] Initmem setup node 0 [mem 0x0000000000001000-0x000000048dffffff]
Feb  9 19:53:56 uhzellbeck kernel: [    0.000000] On node 0 totalpages: 4164581
Feb  9 19:53:56 uhzellbeck kernel: [    0.000000]   DMA zone: 64 pages used for memmap
Feb  9 19:53:56 uhzellbeck kernel: [    0.000000]   DMA zone: 21 pages reserved
Feb  9 19:53:56 uhzellbeck kernel: [    0.000000]   DMA zone: 3995 pages, LIFO batch:0
Feb  9 19:53:56 uhzellbeck avahi-daemon[946]: Successfully dropped root privileges.
Feb  9 19:53:56 uhzellbeck kernel: [    0.000000]   DMA32 zone: 6770 pages used for memmap
Feb  9 19:53:56 uhzellbeck kernel: [    0.000000]   DMA32 zone: 433226 pages, LIFO batch:31
Feb  9 19:53:56 uhzellbeck kernel: [    0.000000]   Normal zone: 58240 pages used for memmap
Feb  9 19:53:56 uhzellbeck avahi-daemon[946]: avahi-daemon 0.6.32-rc starting up.
Feb  9 19:53:56 uhzellbeck kernel: [    0.000000]   Normal zone: 3727360 pages, LIFO batch:31
Feb  9 19:53:56 uhzellbeck kernel: [    0.000000] tboot: non-0 tboot_addr but it is not of type E820_RESERVED
Feb  9 19:53:56 uhzellbeck kernel: [    0.000000] Reserving Intel graphics stolen memory at 0x6e000000-0x6fffffff
Feb  9 19:53:56 uhzellbeck kernel: [    0.000000] ACPI: PM-Timer IO Port: 0x1808
Feb  9 19:53:56 uhzellbeck systemd[1]: Starting Modem Manager...
Feb  9 19:53:56 uhzellbeck kernel: [    0.000000] ACPI: Local APIC address 0xfee00000
Feb  9 19:53:56 uhzellbeck kernel: [    0.000000] ACPI: LAPIC_NMI (acpi_id[0x01] high edge lint[0x1])
Feb  9 19:53:56 uhzellbeck kernel: [    0.000000] ACPI: LAPIC_NMI (acpi_id[0x02] high edge lint[0x1])
Feb  9 19:53:56 uhzellbeck kernel: [    0.000000] ACPI: LAPIC_NMI (acpi_id[0x03] high edge lint[0x1])
Feb  9 19:53:56 uhzellbeck kernel: [    0.000000] ACPI: LAPIC_NMI (acpi_id[0x04] high edge lint[0x1])
Feb  9 19:53:56 uhzellbeck kernel: [    0.000000] ACPI: LAPIC_NMI (acpi_id[0x05] high edge lint[0x1])
Feb  9 19:53:56 uhzellbeck gpu-manager[951]: /etc/modprobe.d is not a file
Feb  9 19:53:56 uhzellbeck kernel: [    0.000000] ACPI: LAPIC_NMI (acpi_id[0x06] high edge lint[0x1])
Feb  9 19:53:56 uhzellbeck kernel: [    0.000000] ACPI: LAPIC_NMI (acpi_id[0x07] high edge lint[0x1])
Feb  9 19:53:56 uhzellbeck kernel: [    0.000000] ACPI: LAPIC_NMI (acpi_id[0x08] high edge lint[0x1])
Feb  9 19:53:56 uhzellbeck systemd[1]: Starting System Logging Service...
Feb  9 19:53:56 uhzellbeck kernel: [    0.000000] IOAPIC[0]: apic_id 2, version 32, address 0xfec00000, GSI 0-119
Feb  9 19:53:56 uhzellbeck kernel: [    0.000000] ACPI: INT_SRC_OVR (bus 0 bus_irq 0 global_irq 2 dfl dfl)
Feb  9 19:53:56 uhzellbeck kernel: [    0.000000] ACPI: INT_SRC_OVR (bus 0 bus_irq 9 global_irq 9 high level)
Feb  9 19:53:56 uhzellbeck systemd[1]: Starting LSB: This services starts and stops the USB Arbitrator....
Feb  9 19:53:56 uhzellbeck kernel: [    0.000000] ACPI: IRQ0 used by override.
Feb  9 19:53:56 uhzellbeck kernel: [    0.000000] ACPI: IRQ9 used by override.
Feb  9 19:53:56 uhzellbeck kernel: [    0.000000] Using ACPI (MADT) for SMP configuration information
Feb  9 19:53:56 uhzellbeck kernel: [    0.000000] ACPI: HPET id: 0x8086a701 base: 0xfed00000
Feb  9 19:53:56 uhzellbeck kernel: [    0.000000] smpboot: Allowing 8 CPUs, 0 hotplug CPUs
Feb  9 19:53:56 uhzellbeck systemd[1]: Starting Thermal Daemon Service...
Feb  9 19:53:56 uhzellbeck gpu-manager[951]: /etc/modprobe.d is not a file
Feb  9 19:53:56 uhzellbeck kernel: [    0.000000] PM: Registered nosave memory: [mem 0x00000000-0x00000fff]
Feb  9 19:53:56 uhzellbeck kernel: [    0.000000] PM: Registered nosave memory: [mem 0x00058000-0x00058fff]
Feb  9 19:53:56 uhzellbeck kernel: [    0.000000] PM: Registered nosave memory: [mem 0x0009d000-0x0009ffff]
Feb  9 19:53:56 uhzellbeck kernel: [    0.000000] PM: Registered nosave memory: [mem 0x000a0000-0x000fffff]
Feb  9 19:53:56 uhzellbeck kernel: [    0.000000] PM: Registered nosave memory: [mem 0x5db1d000-0x5db1dfff]
Feb  9 19:53:56 uhzellbeck systemd[1]: Starting Save/Restore Sound Card State...
Feb  9 19:53:56 uhzellbeck kernel: [    0.000000] PM: Registered nosave memory: [mem 0x5db2d000-0x5db2dfff]
Feb  9 19:53:56 uhzellbeck kernel: [    0.000000] PM: Registered nosave memory: [mem 0x5db2e000-0x5db2efff]
Feb  9 19:53:56 uhzellbeck kernel: [    0.000000] PM: Registered nosave memory: [mem 0x5db3e000-0x5db3efff]
Feb  9 19:53:56 uhzellbeck kernel: [    0.000000] PM: Registered nosave memory: [mem 0x5db3f000-0x5db3ffff]
Feb  9 19:53:56 uhzellbeck kernel: [    0.000000] PM: Registered nosave memory: [mem 0x5db6a000-0x5db6afff]
Feb  9 19:53:56 uhzellbeck kernel: [    0.000000] PM: Registered nosave memory: [mem 0x5f928000-0x5f928fff]
Feb  9 19:53:56 uhzellbeck kernel: [    0.000000] PM: Registered nosave memory: [mem 0x5f929000-0x5f972fff]
Feb  9 19:53:56 uhzellbeck systemd[1]: Starting Bluetooth service...
Feb  9 19:53:56 uhzellbeck kernel: [    0.000000] PM: Registered nosave memory: [mem 0x5f9ca000-0x601bafff]
Feb  9 19:53:56 uhzellbeck kernel: [    0.000000] PM: Registered nosave memory: [mem 0x6b485000-0x6b831fff]
Feb  9 19:53:56 uhzellbeck kernel: [    0.000000] PM: Registered nosave memory: [mem 0x6b832000-0x6b874fff]
Feb  9 19:53:56 uhzellbeck kernel: [    0.000000] PM: Registered nosave memory: [mem 0x6b875000-0x6becdfff]
Feb  9 19:53:56 uhzellbeck kernel: [    0.000000] PM: Registered nosave memory: [mem 0x6bece000-0x6c4fefff]
Feb  9 19:53:56 uhzellbeck systemd[1]: Started Snappy daemon.
Feb  9 19:53:56 uhzellbeck kernel: [    0.000000] PM: Registered nosave memory: [mem 0x6c500000-0x6c5fffff]
Feb  9 19:53:56 uhzellbeck kernel: [    0.000000] PM: Registered nosave memory: [mem 0x6c600000-0x6dffffff]
Feb  9 19:53:56 uhzellbeck kernel: [    0.000000] PM: Registered nosave memory: [mem 0x6e000000-0x6fffffff]
Feb  9 19:53:56 uhzellbeck kernel: [    0.000000] PM: Registered nosave memory: [mem 0x70000000-0xdfffffff]
Feb  9 19:53:56 uhzellbeck kernel: [    0.000000] PM: Registered nosave memory: [mem 0xe0000000-0xefffffff]
Feb  9 19:53:56 uhzellbeck kernel: [    0.000000] PM: Registered nosave memory: [mem 0xf0000000-0xfdffffff]
Feb  9 19:53:56 uhzellbeck kernel: [    0.000000] PM: Registered nosave memory: [mem 0xfe000000-0xfe010fff]
Feb  9 19:53:56 uhzellbeck systemd[1]: Starting LSB: Speech Dispatcher...
Feb  9 19:53:56 uhzellbeck kernel: [    0.000000] PM: Registered nosave memory: [mem 0xfe011000-0xfebfffff]
Feb  9 19:53:56 uhzellbeck systemd[1]: Starting Accounts Service...
Feb  9 19:53:56 uhzellbeck gpu-manager[951]: /etc/modprobe.d is not a file
Feb  9 19:53:56 uhzellbeck systemd[1]: Starting PostgreSQL Cluster 9.5-main...
Feb  9 19:53:56 uhzellbeck bluetoothd[981]: Bluetooth daemon 5.37
Feb  9 19:53:56 uhzellbeck systemd[1]: Started ACPI event daemon.
Feb  9 19:53:56 uhzellbeck systemd[1]: Started Deferred execution scheduler.
Feb  9 19:53:56 uhzellbeck systemd[1]: Starting LSB: automatic crash report generation...
Feb  9 19:53:56 uhzellbeck systemd[1]: Started Regular background program processing daemon.
Feb  9 19:53:56 uhzellbeck cron[1019]: (CRON) INFO (pidfile fd = 3)
Feb  9 19:53:56 uhzellbeck gpu-manager[951]: /etc/modprobe.d is not a file
Feb  9 19:53:56 uhzellbeck systemd[1]: Started D-Bus System Message Bus.
Feb  9 19:53:56 uhzellbeck cron[1019]: (CRON) INFO (Running @reboot jobs)
Feb  9 19:53:56 uhzellbeck ModemManager[970]: <info>  ModemManager (version 1.4.12) starting in system bus...
Feb  9 19:53:56 uhzellbeck gpu-manager[951]: Error: can't open /lib/modules/4.4.0-59-generic/updates/dkms
Feb  9 19:53:56 uhzellbeck kernel: [    0.000000] PM: Registered nosave memory: [mem 0xfec00000-0xfec00fff]
Feb  9 19:53:56 uhzellbeck kernel: [    0.000000] PM: Registered nosave memory: [mem 0xfec01000-0xfedfffff]
Feb  9 19:53:56 uhzellbeck kernel: [    0.000000] PM: Registered nosave memory: [mem 0xfee00000-0xfee00fff]
Feb  9 19:53:56 uhzellbeck kernel: [    0.000000] PM: Registered nosave memory: [mem 0xfee01000-0xfeffffff]
Feb  9 19:53:56 uhzellbeck kernel: [    0.000000] PM: Registered nosave memory: [mem 0xff000000-0xffffffff]
Feb  9 19:53:56 uhzellbeck kernel: [    0.000000] e820: [mem 0x70000000-0xdfffffff] available for PCI devices
Feb  9 19:53:56 uhzellbeck kernel: [    0.000000] Booting paravirtualized kernel on bare hardware
Feb  9 19:53:56 uhzellbeck kernel: [    0.000000] clocksource: refined-jiffies: mask: 0xffffffff max_cycles: 0xffffffff, max_idle_ns: 7645519600211568 ns
Feb  9 19:53:56 uhzellbeck kernel: [    0.000000] setup_percpu: NR_CPUS:512 nr_cpumask_bits:512 nr_cpu_ids:8 nr_node_ids:1
Feb  9 19:53:56 uhzellbeck kernel: [    0.000000] PERCPU: Embedded 33 pages/cpu @ffff88048dc00000 s98264 r8192 d28712 u262144
Feb  9 19:53:56 uhzellbeck kernel: [    0.000000] pcpu-alloc: s98264 r8192 d28712 u262144 alloc=1*2097152
Feb  9 19:53:56 uhzellbeck kernel: [    0.000000] pcpu-alloc: [0] 0 1 2 3 4 5 6 7 
Feb  9 19:53:56 uhzellbeck kernel: [    0.000000] Built 1 zonelists in Node order, mobility grouping on.  Total pages: 4099486
Feb  9 19:53:56 uhzellbeck kernel: [    0.000000] Policy zone: Normal
Feb  9 19:53:56 uhzellbeck kernel: [    0.000000] Kernel command line: BOOT_IMAGE=/boot/vmlinuz-4.4.0-59-generic.efi.signed root=UUID=0d790e23-285c-4bf7-8a0f-e9c57df3c066 ro quiet splash vt.handoff=7
Feb  9 19:53:56 uhzellbeck kernel: [    0.000000] PID hash table entries: 4096 (order: 3, 32768 bytes)
Feb  9 19:53:56 uhzellbeck kernel: [    0.000000] Calgary: detecting Calgary via BIOS EBDA area
Feb  9 19:53:56 uhzellbeck kernel: [    0.000000] Calgary: Unable to locate Rio Grande table in EBDA - bailing!
Feb  9 19:53:56 uhzellbeck kernel: [    0.000000] Memory: 16064024K/16658324K available (8436K kernel code, 1291K rwdata, 3960K rodata, 1488K init, 1316K bss, 594300K reserved, 0K cma-reserved)
Feb  9 19:53:56 uhzellbeck kernel: [    0.000000] SLUB: HWalign=64, Order=0-3, MinObjects=0, CPUs=8, Nodes=1
Feb  9 19:53:56 uhzellbeck kernel: [    0.000000] Hierarchical RCU implementation.
Feb  9 19:53:56 uhzellbeck kernel: [    0.000000] 	Build-time adjustment of leaf fanout to 64.
Feb  9 19:53:56 uhzellbeck kernel: [    0.000000] 	RCU restricting CPUs from NR_CPUS=512 to nr_cpu_ids=8.
Feb  9 19:53:56 uhzellbeck kernel: [    0.000000] RCU: Adjusting geometry for rcu_fanout_leaf=64, nr_cpu_ids=8
Feb  9 19:53:56 uhzellbeck kernel: [    0.000000] NR_IRQS:33024 nr_irqs:2048 16
Feb  9 19:53:56 uhzellbeck kernel: [    0.000000] spurious 8259A interrupt: IRQ7.
Feb  9 19:53:56 uhzellbeck kernel: [    0.000000] vt handoff: transparent VT on vt#7
Feb  9 19:53:56 uhzellbeck kernel: [    0.000000] Console: colour dummy device 80x25
Feb  9 19:53:56 uhzellbeck kernel: [    0.000000] console [tty0] enabled
Feb  9 19:53:56 uhzellbeck kernel: [    0.000000] clocksource: hpet: mask: 0xffffffff max_cycles: 0xffffffff, max_idle_ns: 79635855245 ns
Feb  9 19:53:56 uhzellbeck kernel: [    0.000000] hpet clockevent registered
Feb  9 19:53:56 uhzellbeck kernel: [    0.000000] tsc: Unable to calibrate against PIT
Feb  9 19:53:56 uhzellbeck kernel: [    0.000000] tsc: using HPET reference calibration
Feb  9 19:53:56 uhzellbeck kernel: [    0.000000] tsc: Detected 2711.954 MHz processor
Feb  9 19:53:56 uhzellbeck kernel: [    0.000029] Calibrating delay loop (skipped), value calculated using timer frequency.. 5423.90 BogoMIPS (lpj=10847816)
Feb  9 19:53:56 uhzellbeck kernel: [    0.000032] pid_max: default: 32768 minimum: 301
Feb  9 19:53:56 uhzellbeck kernel: [    0.000037] ACPI: Core revision 20150930
Feb  9 19:53:56 uhzellbeck kernel: [    0.042022] ACPI: 10 ACPI AML tables successfully acquired and loaded
Feb  9 19:53:56 uhzellbeck kernel: [    0.044147] Security Framework initialized
Feb  9 19:53:56 uhzellbeck kernel: [    0.044148] Yama: becoming mindful.
Feb  9 19:53:56 uhzellbeck kernel: [    0.044161] AppArmor: AppArmor initialized
Feb  9 19:53:56 uhzellbeck kernel: [    0.045118] Dentry cache hash table entries: 2097152 (order: 12, 16777216 bytes)
Feb  9 19:53:56 uhzellbeck kernel: [    0.048060] Inode-cache hash table entries: 1048576 (order: 11, 8388608 bytes)
Feb  9 19:53:56 uhzellbeck kernel: [    0.049562] Mount-cache hash table entries: 32768 (order: 6, 262144 bytes)
Feb  9 19:53:56 uhzellbeck kernel: [    0.049577] Mountpoint-cache hash table entries: 32768 (order: 6, 262144 bytes)
Feb  9 19:53:56 uhzellbeck kernel: [    0.049777] Initializing cgroup subsys io
Feb  9 19:53:56 uhzellbeck kernel: [    0.049780] Initializing cgroup subsys memory
Feb  9 19:53:56 uhzellbeck kernel: [    0.049784] Initializing cgroup subsys devices
Feb  9 19:53:56 uhzellbeck kernel: [    0.049786] Initializing cgroup subsys freezer
Feb  9 19:53:56 uhzellbeck kernel: [    0.049788] Initializing cgroup subsys net_cls
Feb  9 19:53:56 uhzellbeck kernel: [    0.049790] Initializing cgroup subsys perf_event
Feb  9 19:53:56 uhzellbeck kernel: [    0.049791] Initializing cgroup subsys net_prio
Feb  9 19:53:56 uhzellbeck kernel: [    0.049794] Initializing cgroup subsys hugetlb
Feb  9 19:53:56 uhzellbeck kernel: [    0.049795] Initializing cgroup subsys pids
Feb  9 19:53:56 uhzellbeck kernel: [    0.049819] CPU: Physical Processor ID: 0
Feb  9 19:53:56 uhzellbeck kernel: [    0.049820] CPU: Processor Core ID: 0
Feb  9 19:53:56 uhzellbeck kernel: [    0.049824] ENERGY_PERF_BIAS: Set to 'normal', was 'performance'
Feb  9 19:53:56 uhzellbeck kernel: [    0.049825] ENERGY_PERF_BIAS: View and update with x86_energy_perf_policy(8)
Feb  9 19:53:56 uhzellbeck kernel: [    0.050937] mce: CPU supports 10 MCE banks
Feb  9 19:53:56 uhzellbeck kernel: [    0.050955] CPU0: Thermal monitoring enabled (TM1)
Feb  9 19:53:56 uhzellbeck kernel: [    0.050966] process: using mwait in idle threads
Feb  9 19:53:56 uhzellbeck kernel: [    0.050969] Last level iTLB entries: 4KB 64, 2MB 8, 4MB 8
Feb  9 19:53:56 uhzellbeck kernel: [    0.050969] Last level dTLB entries: 4KB 64, 2MB 0, 4MB 0, 1GB 4
Feb  9 19:53:56 uhzellbeck kernel: [    0.051315] Freeing SMP alternatives memory: 32K (ffffffff820b8000 - ffffffff820c0000)
Feb  9 19:53:56 uhzellbeck kernel: [    0.059225] ftrace: allocating 32064 entries in 126 pages
Feb  9 19:53:56 uhzellbeck kernel: [    0.072384] smpboot: APIC(0) Converting physical 0 to logical package 0
Feb  9 19:53:56 uhzellbeck kernel: [    0.072386] smpboot: Max logical packages: 2
Feb  9 19:53:56 uhzellbeck kernel: [    0.072389] DMAR: Host address width 39
